[2m2026-08-26T23:31:38.062045Z[0m [33m WARN[0m ThreadId(18) [2mzenoh::net::runtime::orchestrator[0m[2m:[0m Scouting delay elapsed before start conditions are met.
data: Lsrc=STOP Lconf=1.00 Lerr=0.000 Rsrc=STOP Rconf=1.00 Rerr=0.000
---
data: Lsrc=STOP Lconf=1.00 Lerr=0.000 Rsrc=STOP Rconf=1.00 Rerr=0.000
---
data: Lsrc=STOP Lconf=1.00 Lerr=0.000 Rsrc=STOP Rconf=1.00 Rerr=0.000
---
data: Lsrc=STOP Lconf=1.00 Lerr=0.000 Rsrc=STOP Rconf=1.00 Rerr=0.000
---
data: Lsrc=STOP Lconf=1.00 Lerr=0.000 Rsrc=STOP Rconf=1.00 Rerr=0.000
---
data: Lsrc=STOP Lconf=1.00 Lerr=0.000 Rsrc=STOP Rconf=1.00 Rerr=0.000
---
data: Lsrc=STOP Lconf=1.00 Lerr=0.000 Rsrc=STOP Rconf=1.00 Rerr=0.000
---
data: Lsrc=STOP Lconf=1.00 Lerr=0.000 Rsrc=STOP Rconf=1.00 Rerr=0.000
---
data: Lsrc=STOP Lconf=1.00 Lerr=0.000 Rsrc=STOP Rconf=1.00 Rerr=0.000
---
data: Lsrc=STOP Lconf=1.00 Lerr=0.000 Rsrc=STOP Rconf=1.00 Rerr=0.000
---
data: Lsrc=STOP Lconf=1.00 Lerr=0.000 Rsrc=STOP Rconf=1.00 Rerr=0.000
---
data: Lsrc=STOP Lconf=1.00 Lerr=0.000 Rsrc=STOP Rconf=1.00 Rerr=0.000
---
data: Lsrc=STOP Lconf=1.00 Lerr=0.000 Rsrc=STOP Rconf=1.00 Rerr=0.000
---
data: Lsrc=STOP Lconf=1.00 Lerr=0.000 Rsrc=STOP Rconf=1.00 Rerr=0.000
---
data: Lsrc=STOP Lconf=1.00 Lerr=0.000 Rsrc=STOP Rconf=1.00 Rerr=0.000
---
data: Lsrc=STOP Lconf=1.00 Lerr=0.000 Rsrc=STOP Rconf=1.00 Rerr=0.000
---
data: Lsrc=STOP Lconf=1.00 Lerr=0.000 Rsrc=STOP Rconf=1.00 Rerr=0.000
---
data: Lsrc=STOP Lconf=1.00 Lerr=0.000 Rsrc=STOP Rconf=1.00 Rerr=0.000
---
data: Lsrc=STOP Lconf=1.00 Lerr=0.000 Rsrc=STOP Rconf=1.00 Rerr=0.000
---
data: Lsrc=STOP Lconf=1.00 Lerr=0.000 Rsrc=STOP Rconf=1.00 Rerr=0.000
---
data: Lsrc=STOP Lconf=1.00 Lerr=0.000 Rsrc=STOP Rconf=1.00 Rerr=0.000
---
data: Lsrc=STOP Lconf=1.00 Lerr=0.000 Rsrc=STOP Rconf=1.00 Rerr=0.000
---
data: Lsrc=STOP Lconf=1.00 Lerr=0.000 Rsrc=STOP Rconf=1.00 Rerr=0.000
---
data: Lsrc=STOP Lconf=1.00 Lerr=0.000 Rsrc=STOP Rconf=1.00 Rerr=0.000
---
data: Lsrc=STOP Lconf=1.00 Lerr=0.000 Rsrc=STOP Rconf=1.00 Rerr=0.000
---
data: Lsrc=STOP Lconf=1.00 Lerr=0.000 Rsrc=STOP Rconf=1.00 Rerr=0.000
---
data: Lsrc=STOP Lconf=1.00 Lerr=0.000 Rsrc=STOP Rconf=1.00 Rerr=0.000
---
data: Lsrc=STOP Lconf=1.00 Lerr=0.000 Rsrc=STOP Rconf=1.00 Rerr=0.000
---
data: Lsrc=STOP Lconf=1.00 Lerr=0.000 Rsrc=STOP Rconf=1.00 Rerr=0.000
---
data: Lsrc=STOP Lconf=1.00 Lerr=0.000 Rsrc=STOP Rconf=1.00 Rerr=0.000
---
data: Lsrc=STOP Lconf=1.00 Lerr=0.000 Rsrc=STOP Rconf=1.00 Rerr=0.000
---
data: Lsrc=STOP Lconf=1.00 Lerr=0.000 Rsrc=STOP Rconf=1.00 Rerr=0.000
---
data: Lsrc=STOP Lconf=1.00 Lerr=0.000 Rsrc=STOP Rconf=1.00 Rerr=0.000
---
data: Lsrc=STOP Lconf=1.00 Lerr=0.000 Rsrc=STOP Rconf=1.00 Rerr=0.000
---
[2m2026-08-26T23:31:40.841148Z[0m [33m WARN[0m ThreadId(13) [2mzenoh::net::runtime::orchestrator[0m[2m:[0m Scouting delay elapsed before start conditions are met.
data: Lsrc=STOP Lconf=1.00 Lerr=0.000 Rsrc=STOP Rconf=1.00 Rerr=0.000
---
[2m2026-08-26T23:31:40.856536Z[0m [33m WARN[0m ThreadId(12) [2mzenoh::net::runtime::orchestrator[0m[2m:[0m Scouting delay elapsed before start conditions are met.
data: Lsrc=STOP Lconf=1.00 Lerr=0.000 Rsrc=STOP Rconf=1.00 Rerr=0.000
---
data: Lsrc=STOP Lconf=1.00 Lerr=0.000 Rsrc=STOP Rconf=1.00 Rerr=0.000
---
data: Lsrc=STOP Lconf=1.00 Lerr=0.000 Rsrc=STOP Rconf=1.00 Rerr=0.000
---
data: Lsrc=STOP Lconf=1.00 Lerr=0.000 Rsrc=STOP Rconf=1.00 Rerr=0.000
---
data: Lsrc=STOP Lconf=1.00 Lerr=0.000 Rsrc=STOP Rconf=1.00 Rerr=0.000
---
data: Lsrc=HALL_PRIMARY_OPTO_WARN Lconf=0.60 Lerr=1.000 Rsrc=HALL_PRIMARY_OPTO_WARN Rconf=0.60 Rerr=1.000
---
data: Lsrc=HALL_PRIMARY_OPTO_WARN Lconf=0.60 Lerr=0.500 Rsrc=HALL_OPTO_FUSED Rconf=1.00 Rerr=0.000
---
data: Lsrc=HALL_OPTO_FUSED Lconf=1.00 Lerr=0.000 Rsrc=HALL_PRIMARY_OPTO_WARN Rconf=0.60 Rerr=0.333
---
data: Lsrc=HALL_OPTO_FUSED Lconf=1.00 Lerr=0.000 Rsrc=HALL_OPTO_FUSED Rconf=1.00 Rerr=0.000
---
data: Lsrc=HALL_OPTO_FUSED Lconf=1.00 Lerr=0.000 Rsrc=HALL_PRIMARY_OPTO_WARN Rconf=0.60 Rerr=0.167
---
data: Lsrc=HALL_OPTO_FUSED Lconf=1.00 Lerr=0.000 Rsrc=HALL_PRIMARY_OPTO_WARN Rconf=0.60 Rerr=0.143
---
data: Lsrc=HALL_OPTO_FUSED Lconf=1.00 Lerr=0.000 Rsrc=HALL_OPTO_DEGRADED Rconf=0.80 Rerr=0.111
---
data: Lsrc=HALL_OPTO_DEGRADED Lconf=0.80 Lerr=0.100 Rsrc=HALL_OPTO_DEGRADED Rconf=0.80 Rerr=0.100
---
data: L=10.250 R=11.000 OL=9 OR=9 HL=10 HR=10
---
data: T lin=0.100 ang=0.000 hcw=0.000 hce=0.0 gyr=-0.00069 gyz=0.000 Lpwm=10 Rpwm=10 Lrpm=39 Rrpm=39 Lfrpm=0 Rfrpm=0 Lfs=H Rfs=H Ltrpm...
---
data: Lsrc=HALL_OPTO_DEGRADED Lconf=0.80 Lerr=0.091 Rsrc=HALL_OPTO_DEGRADED Rconf=0.80 Rerr=0.091
data: L=11.250 R=12.000 OL=10 OR=10 HL=11 HR=11
---
---
data: Lsrc=HALL_OPTO_DEGRADED Lconf=0.80 Lerr=0.083 Rsrc=HALL_OPTO_DEGRADED Rconf=0.80 Rerr=0.083
---
data: L=12.250 R=13.000 OL=11 OR=11 HL=12 HR=12
---
data: T lin=0.100 ang=0.000 hcw=0.000 hce=0.0 gyr=-0.00045 gyz=0.000 Lpwm=17 Rpwm=17 Lrpm=36 Rrpm=39 Lfrpm=39 Rfrpm=39 Lfs=H Rfs=H Ltr...
---
data: Lsrc=HALL_OPTO_FUSED Lconf=1.00 Lerr=0.000 Rsrc=HALL_OPTO_DEGRADED Rconf=0.80 Rerr=0.083
---
data: L=14.250 R=14.250 OL=13 OR=13 HL=14 HR=13
---
data: Lsrc=HALL_OPTO_FUSED Lconf=1.00 Lerr=0.000 Rsrc=HALL_OPTO_DEGRADED Rconf=0.80 Rerr=0.071
---
data: L=15.250 R=16.000 OL=14 OR=14 HL=15 HR=15
---
data: T lin=0.100 ang=0.000 hcw=0.000 hce=0.0 gyr=-0.00104 gyz=0.000 Lpwm=0 Rpwm=0 Lrpm=37 Rrpm=38 Lfrpm=0 Rfrpm=0 Lfs=H Rfs=H Ltrpm=7...
---
data: Lsrc=STOP Lconf=1.00 Lerr=0.000 Rsrc=STOP Rconf=1.00 Rerr=0.000
---
data: L=15.250 R=16.000 OL=15 OR=15 HL=16 HR=16
---
data: L=15.250 R=16.000 OL=16 OR=16 HL=17 HR=16
---
data: Lsrc=STOP Lconf=1.00 Lerr=0.000 Rsrc=STOP Rconf=1.00 Rerr=0.000
---
data: T lin=0.100 ang=0.000 hcw=0.000 hce=0.0 gyr=-0.00048 gyz=0.000 Lpwm=10 Rpwm=10 Lrpm=33 Rrpm=34 Lfrpm=38 Rfrpm=38 Lfs=F Rfs=H Ltr...
---
data: L=16.250 R=17.000 OL=17 OR=17 HL=18 HR=17
---
data: Lsrc=HALL_OPTO_FUSED Lconf=1.00 Lerr=0.000 Rsrc=HALL_OPTO_FUSED Rconf=1.00 Rerr=0.000
---
data: L=16.250 R=18.000 OL=17 OR=17 HL=18 HR=18
---
data: Lsrc=HALL_OPTO_FUSED Lconf=1.00 Lerr=0.000 Rsrc=HALL_PRIMARY_OPTO_WARN Rconf=0.60 Rerr=0.500
---
data: T lin=0.100 ang=0.000 hcw=0.000 hce=0.0 gyr=-0.00149 gyz=0.000 Lpwm=0 Rpwm=0 Lrpm=29 Rrpm=29 Lfrpm=0 Rfrpm=0 Lfs=H Rfs=H Ltrpm=7...
---
data: L=16.250 R=18.000 OL=18 OR=18 HL=19 HR=18
---
data: Lsrc=STOP Lconf=1.00 Lerr=0.000 Rsrc=STOP Rconf=1.00 Rerr=0.000
---
data: Lsrc=STOP Lconf=1.00 Lerr=0.000 Rsrc=STOP Rconf=1.00 Rerr=0.000
---
data: L=16.250 R=18.000 OL=18 OR=18 HL=19 HR=19
---
data: T lin=0.100 ang=0.000 hcw=0.000 hce=0.0 gyr=-0.00079 gyz=0.000 Lpwm=10 Rpwm=10 Lrpm=25 Rrpm=23 Lfrpm=29 Rfrpm=29 Lfs=H Rfs=H Ltr...
---
data: L=17.250 R=18.000 OL=19 OR=19 HL=20 HR=19
---
data: Lsrc=HALL_OPTO_FUSED Lconf=1.00 Lerr=0.000 Rsrc=HALL_WAIT Rconf=0.25 Rerr=-1.000
---
data: Lsrc=HALL_OPTO_FUSED Lconf=1.00 Lerr=0.000 Rsrc=HALL_OPTO_FUSED Rconf=1.00 Rerr=0.000
---
data: L=17.250 R=18.500 OL=19 OR=19 HL=20 HR=20
---
data: T lin=0.100 ang=0.000 hcw=0.000 hce=0.0 gyr=-0.00011 gyz=0.000 Lpwm=0 Rpwm=0 Lrpm=20 Rrpm=20 Lfrpm=25 Rfrpm=23 Lfs=H Rfs=H Ltrpm...
---
data: L=17.250 R=18.500 OL=20 OR=20 HL=21 HR=21
---
data: Lsrc=STOP Lconf=1.00 Lerr=0.000 Rsrc=STOP Rconf=1.00 Rerr=0.000
---
data: Lsrc=STOP Lconf=1.00 Lerr=0.000 Rsrc=STOP Rconf=1.00 Rerr=0.000
---
data: L=17.250 R=18.500 OL=20 OR=21 HL=22 HR=21
---
data: T lin=0.100 ang=0.000 hcw=0.000 hce=0.0 gyr=-0.00016 gyz=0.000 Lpwm=0 Rpwm=0 Lrpm=18 Rrpm=20 Lfrpm=0 Rfrpm=0 Lfs=H Rfs=H Ltrpm=7...
---
data: L=17.250 R=18.500 OL=21 OR=21 HL=22 HR=22
---
data: Lsrc=STOP Lconf=1.00 Lerr=0.000 Rsrc=STOP Rconf=1.00 Rerr=0.000
---
data: L=17.250 R=18.500 OL=21 OR=22 HL=22 HR=22
data: Lsrc=STOP Lconf=1.00 Lerr=0.000 Rsrc=STOP Rconf=1.00 Rerr=0.000
---
---
data: T lin=0.100 ang=0.000 hcw=0.000 hce=0.0 gyr=-0.00076 gyz=0.000 Lpwm=10 Rpwm=10 Lrpm=16 Rrpm=17 Lfrpm=0 Rfrpm=0 Lfs=H Rfs=H Ltrpm...
---
data: Lsrc=HALL_OPTO_FUSED Lconf=1.00 Lerr=0.000 Rsrc=HALL_PRIMARY_OPTO_WARN Rconf=0.60 Rerr=1.000
---
data: L=18.250 R=19.500 OL=22 OR=22 HL=23 HR=23
---
data: L=19.250 R=20.000 OL=22 OR=23 HL=24 HR=23
---
data: Lsrc=HALL_PRIMARY_OPTO_WARN Lconf=0.60 Lerr=0.500 Rsrc=HALL_OPTO_FUSED Rconf=1.00 Rerr=0.000
---
data: T lin=0.100 ang=0.000 hcw=0.000 hce=0.0 gyr=-0.00071 gyz=0.000 Lpwm=10 Rpwm=10 Lrpm=16 Rrpm=16 Lfrpm=16 Rfrpm=17 Lfs=H Rfs=H Ltr...
---
data: L=19.750 R=21.000 OL=23 OR=24 HL=24 HR=24
---
data: Lsrc=HALL_OPTO_FUSED Lconf=1.00 Lerr=0.000 Rsrc=HALL_OPTO_FUSED Rconf=1.00 Rerr=0.000
---
data: L=20.750 R=22.000 OL=24 OR=24 HL=25 HR=25
---
data: Lsrc=HALL_OPTO_FUSED Lconf=1.00 Lerr=0.000 Rsrc=HALL_PRIMARY_OPTO_WARN Rconf=0.60 Rerr=0.333
---
data: T lin=0.100 ang=0.000 hcw=0.000 hce=0.0 gyr=-0.00092 gyz=0.000 Lpwm=10 Rpwm=10 Lrpm=17 Rrpm=17 Lfrpm=16 Rfrpm=16 Lfs=H Rfs=H Ltr...
---
data: L=21.750 R=23.000 OL=24 OR=25 HL=26 HR=26
data: Lsrc=HALL_PRIMARY_OPTO_WARN Lconf=0.60 Lerr=0.250 Rsrc=HALL_PRIMARY_OPTO_WARN Rconf=0.60 Rerr=0.250
---
---
data: L=22.250 R=23.500 OL=25 OR=26 HL=26 HR=26
---
data: Lsrc=HALL_OPTO_FUSED Lconf=1.00 Lerr=0.000 Rsrc=HALL_OPTO_FUSED Rconf=1.00 Rerr=0.000
---
data: T lin=0.100 ang=0.000 hcw=0.000 hce=0.0 gyr=-0.00070 gyz=0.000 Lpwm=0 Rpwm=0 Lrpm=17 Rrpm=18 Lfrpm=17 Rfrpm=17 Lfs=H Rfs=H Ltrpm...
---
data: L=22.250 R=23.500 OL=26 OR=27 HL=27 HR=27
---
data: Lsrc=STOP Lconf=1.00 Lerr=0.000 Rsrc=STOP Rconf=1.00 Rerr=0.000
---
data: L=22.250 R=23.500 OL=26 OR=27 HL=27 HR=28
---
data: Lsrc=STOP Lconf=1.00 Lerr=0.000 Rsrc=STOP Rconf=1.00 Rerr=0.000
---
data: T lin=0.100 ang=0.000 hcw=0.000 hce=0.0 gyr=-0.00042 gyz=0.000 Lpwm=10 Rpwm=10 Lrpm=18 Rrpm=17 Lfrpm=0 Rfrpm=0 Lfs=H Rfs=H Ltrpm...
---
data: Lsrc=HALL_OPTO_FUSED Lconf=1.00 Lerr=0.000 Rsrc=HALL_WAIT Rconf=0.25 Rerr=-1.000
---
data: L=23.250 R=23.500 OL=27 OR=28 HL=28 HR=28
---
data: Lsrc=HALL_PRIMARY_OPTO_WARN Lconf=0.60 Lerr=0.500 Rsrc=HALL_OPTO_FUSED Rconf=1.00 Rerr=0.000
---
data: L=24.250 R=24.000 OL=27 OR=28 HL=29 HR=29
---
data: T lin=0.100 ang=0.000 hcw=0.000 hce=0.0 gyr=-0.00075 gyz=0.000 Lpwm=10 Rpwm=10 Lrpm=17 Rrpm=17 Lfrpm=18 Rfrpm=17 Lfs=H Rfs=H Ltr...
---
data: L=24.750 R=25.000 OL=28 OR=29 HL=29 HR=30
---
data: Lsrc=HALL_OPTO_FUSED Lconf=1.00 Lerr=0.000 Rsrc=HALL_OPTO_FUSED Rconf=1.00 Rerr=0.000
---
data: L=25.750 R=26.000 OL=29 OR=30 HL=30 HR=31
---
data: Lsrc=HALL_OPTO_FUSED Lconf=1.00 Lerr=0.000 Rsrc=HALL_OPTO_FUSED Rconf=1.00 Rerr=0.000
---
data: T lin=0.100 ang=0.000 hcw=0.000 hce=0.0 gyr=-0.00110 gyz=0.000 Lpwm=10 Rpwm=0 Lrpm=17 Rrpm=18 Lfrpm=17 Rfrpm=17 Lfs=H Rfs=H Ltrp...
---
data: Lsrc=HALL_OPTO_FUSED Lconf=1.00 Lerr=0.000 Rsrc=STOP Rconf=1.00 Rerr=0.000
data: L=25.750 R=26.000 OL=29 OR=31 HL=30 HR=31
---
---
data: Lsrc=HALL_OPTO_FUSED Lconf=1.00 Lerr=0.000 Rsrc=STOP Rconf=1.00 Rerr=0.000
---
data: L=26.750 R=26.000 OL=30 OR=31 HL=31 HR=32
---
data: T lin=0.100 ang=0.000 hcw=0.000 hce=0.0 gyr=-0.00022 gyz=0.000 Lpwm=10 Rpwm=10 Lrpm=15 Rrpm=17 Lfrpm=17 Rfrpm=0 Lfs=H Rfs=H Ltrp...
---
data: L=26.750 R=26.000 OL=30 OR=32 HL=31 HR=32
data: Lsrc=HALL_OPTO_FUSED Lconf=1.00 Lerr=0.000 Rsrc=HALL_WAIT Rconf=0.25 Rerr=-1.000
---
---
data: L=27.750 R=26.500 OL=31 OR=32 HL=32 HR=33
data: Lsrc=HALL_OPTO_FUSED Lconf=1.00 Lerr=0.000 Rsrc=HALL_OPTO_FUSED Rconf=1.00 Rerr=0.000
---
---
data: T lin=0.100 ang=0.000 hcw=0.000 hce=0.0 gyr=0.00083 gyz=0.000 Lpwm=10 Rpwm=10 Lrpm=15 Rrpm=17 Lfrpm=15 Rfrpm=17 Lfs=H Rfs=H Ltrp...
---
data: L=27.750 R=27.500 OL=31 OR=33 HL=32 HR=34
---
data: Lsrc=HALL_OPTO_FUSED Lconf=1.00 Lerr=0.000 Rsrc=HALL_OPTO_FUSED Rconf=1.00 Rerr=0.000
---
data: Lsrc=HALL_OPTO_FUSED Lconf=1.00 Lerr=0.000 Rsrc=HALL_PRIMARY_OPTO_WARN Rconf=0.60 Rerr=0.500
data: L=28.750 R=27.500 OL=32 OR=34 HL=33 HR=34
---
---
data: T lin=0.100 ang=0.000 hcw=0.000 hce=0.0 gyr=-0.00078 gyz=0.000 Lpwm=10 Rpwm=0 Lrpm=14 Rrpm=17 Lfrpm=15 Rfrpm=17 Lfs=H Rfs=H Ltrp...
---
data: L=29.750 R=27.500 OL=32 OR=35 HL=34 HR=35
---
data: Lsrc=HALL_PRIMARY_OPTO_WARN Lconf=0.60 Lerr=0.167 Rsrc=STOP Rconf=1.00 Rerr=0.000
---
data: L=29.750 R=27.500 OL=33 OR=35 HL=34 HR=36
---
data: Lsrc=HALL_PRIMARY_OPTO_WARN Lconf=0.60 Lerr=0.200 Rsrc=STOP Rconf=1.00 Rerr=0.000
---
data: T lin=0.100 ang=0.000 hcw=0.000 hce=0.0 gyr=-0.00144 gyz=0.000 Lpwm=10 Rpwm=10 Lrpm=14 Rrpm=17 Lfrpm=14 Rfrpm=0 Lfs=F Rfs=H Ltrp...
---
data: Lsrc=HALL_OPTO_FUSED Lconf=1.00 Lerr=0.000 Rsrc=HALL_WAIT Rconf=0.25 Rerr=-1.000
data: L=30.750 R=27.500 OL=34 OR=36 HL=35 HR=36
---
---
data: Lsrc=HALL_OPTO_FUSED Lconf=1.00 Lerr=0.000 Rsrc=HALL_OPTO_FUSED Rconf=1.00 Rerr=0.000
---
data: L=30.750 R=28.000 OL=34 OR=36 HL=35 HR=37
---
data: T lin=0.100 ang=0.000 hcw=0.000 hce=0.0 gyr=-0.00077 gyz=0.000 Lpwm=10 Rpwm=10 Lrpm=15 Rrpm=17 Lfrpm=0 Rfrpm=17 Lfs=H Rfs=H Ltrp...
---
data: L=31.750 R=29.000 OL=35 OR=37 HL=36 HR=38
---
data: Lsrc=HALL_OPTO_FUSED Lconf=1.00 Lerr=0.000 Rsrc=HALL_OPTO_FUSED Rconf=1.00 Rerr=0.000
---
data: Lsrc=HALL_OPTO_FUSED Lconf=1.00 Lerr=0.000 Rsrc=HALL_PRIMARY_OPTO_WARN Rconf=0.60 Rerr=0.500
---
data: L=31.750 R=29.000 OL=35 OR=38 HL=36 HR=38
---
data: T lin=0.100 ang=0.000 hcw=0.000 hce=0.0 gyr=-0.00031 gyz=0.000 Lpwm=10 Rpwm=0 Lrpm=14 Rrpm=16 Lfrpm=14 Rfrpm=16 Lfs=F Rfs=H Ltrp...
---
data: Lsrc=HALL_OPTO_FUSED Lconf=1.00 Lerr=0.000 Rsrc=STOP Rconf=1.00 Rerr=0.000
---
data: L=32.750 R=29.000 OL=36 OR=38 HL=37 HR=39
---
data: L=33.750 R=29.000 OL=37 OR=39 HL=38 HR=40
data: Lsrc=HALL_OPTO_FUSED Lconf=1.00 Lerr=0.000 Rsrc=STOP Rconf=1.00 Rerr=0.000
---
---
data: T lin=0.100 ang=0.000 hcw=0.000 hce=0.0 gyr=-0.00174 gyz=0.000 Lpwm=10 Rpwm=10 Lrpm=15 Rrpm=17 Lfrpm=15 Rfrpm=17 Lfs=H Rfs=H Ltr...
---
data: Lsrc=HALL_PRIMARY_OPTO_WARN Lconf=0.60 Lerr=0.143 Rsrc=HALL_WAIT Rconf=0.25 Rerr=-1.000
---
data: L=34.750 R=29.000 OL=37 OR=40 HL=39 HR=40
---
data: L=35.250 R=29.500 OL=38 OR=40 HL=39 HR=41
---
data: Lsrc=HALL_OPTO_FUSED Lconf=1.00 Lerr=0.000 Rsrc=HALL_OPTO_FUSED Rconf=1.00 Rerr=0.000
---
data: T lin=0.100 ang=0.000 hcw=0.000 hce=0.0 gyr=-0.00046 gyz=0.000 Lpwm=0 Rpwm=0 Lrpm=16 Rrpm=16 Lfrpm=16 Rfrpm=16 Lfs=H Rfs=H Ltrpm...
---
data: L=35.250 R=29.500 OL=39 OR=41 HL=40 HR=41
---
data: Lsrc=STOP Lconf=1.00 Lerr=0.000 Rsrc=STOP Rconf=1.00 Rerr=0.000
---
data: L=35.250 R=29.500 OL=39 OR=41 HL=40 HR=42
data: Lsrc=STOP Lconf=1.00 Lerr=0.000 Rsrc=STOP Rconf=1.00 Rerr=0.000
---
---
data: T lin=0.100 ang=0.000 hcw=0.000 hce=0.0 gyr=-0.00099 gyz=0.000 Lpwm=10 Rpwm=10 Lrpm=16 Rrpm=16 Lfrpm=16 Rfrpm=16 Lfs=H Rfs=H Ltr...
---
data: L=36.250 R=30.500 OL=40 OR=42 HL=41 HR=43
---
data: Lsrc=HALL_OPTO_FUSED Lconf=1.00 Lerr=0.000 Rsrc=HALL_OPTO_FUSED Rconf=1.00 Rerr=0.000
---
data: Lsrc=HALL_PRIMARY_OPTO_WARN Lconf=0.60 Lerr=0.500 Rsrc=HALL_PRIMARY_OPTO_WARN Rconf=0.60 Rerr=1.000
data: L=37.250 R=30.500 OL=40 OR=43 HL=42 HR=43
---
---
data: T lin=0.100 ang=0.000 hcw=0.000 hce=0.0 gyr=-0.00082 gyz=0.000 Lpwm=0 Rpwm=10 Lrpm=15 Rrpm=16 Lfrpm=15 Rfrpm=16 Lfs=H Rfs=H Ltrp...
---
data: L=37.250 R=31.000 OL=41 OR=43 HL=42 HR=44
---
data: Lsrc=STOP Lconf=1.00 Lerr=0.000 Rsrc=HALL_OPTO_FUSED Rconf=1.00 Rerr=0.000
---
data: Lsrc=STOP Lconf=1.00 Lerr=0.000 Rsrc=HALL_PRIMARY_OPTO_WARN Rconf=0.60 Rerr=0.500
---
data: L=37.250 R=31.000 OL=41 OR=44 HL=43 HR=44
---
data: T lin=0.100 ang=0.000 hcw=0.000 hce=0.0 gyr=-0.00079 gyz=0.000 Lpwm=10 Rpwm=10 Lrpm=16 Rrpm=17 Lfrpm=16 Rfrpm=0 Lfs=H Rfs=H Ltrp...
---
data: L=37.250 R=31.500 OL=42 OR=44 HL=43 HR=45
---
data: Lsrc=HALL_WAIT Lconf=0.25 Lerr=-1.000 Rsrc=HALL_OPTO_FUSED Rconf=1.00 Rerr=0.000
---
data: L=38.250 R=32.500 OL=43 OR=45 HL=44 HR=46
---
data: Lsrc=HALL_PRIMARY_OPTO_WARN Lconf=0.60 Lerr=1.000 Rsrc=HALL_OPTO_FUSED Rconf=1.00 Rerr=0.000
---
data: T lin=0.100 ang=0.000 hcw=0.000 hce=0.0 gyr=-0.00099 gyz=0.000 Lpwm=10 Rpwm=10 Lrpm=15 Rrpm=16 Lfrpm=15 Rfrpm=16 Lfs=H Rfs=H Ltr...
---
data: Lsrc=HALL_PRIMARY_OPTO_WARN Lconf=0.60 Lerr=0.500 Rsrc=HALL_PRIMARY_OPTO_WARN Rconf=0.60 Rerr=0.250
data: L=39.250 R=32.500 OL=44 OR=46 HL=45 HR=46
---
---
data: Lsrc=HALL_PRIMARY_OPTO_WARN Lconf=0.60 Lerr=0.500 Rsrc=HALL_OPTO_FUSED Rconf=1.00 Rerr=0.000
---
data: L=39.250 R=33.000 OL=44 OR=46 HL=45 HR=47
---
data: T lin=0.100 ang=0.000 hcw=0.000 hce=0.0 gyr=-0.00105 gyz=0.000 Lpwm=10 Rpwm=10 Lrpm=16 Rrpm=15 Lfrpm=0 Rfrpm=15 Lfs=H Rfs=H Ltrp...
---
data: L=40.250 R=34.000 OL=45 OR=47 HL=46 HR=48
data: Lsrc=HALL_PRIMARY_OPTO_WARN Lconf=0.60 Lerr=0.333 Rsrc=HALL_OPTO_FUSED Rconf=1.00 Rerr=0.000
---
---
data: L=40.250 R=34.000 OL=45 OR=48 HL=46 HR=48
---
data: Lsrc=HALL_PRIMARY_OPTO_WARN Lconf=0.60 Lerr=0.333 Rsrc=HALL_PRIMARY_OPTO_WARN Rconf=0.60 Rerr=0.167
---
data: T lin=0.100 ang=0.000 hcw=0.000 hce=0.0 gyr=-0.00079 gyz=0.000 Lpwm=10 Rpwm=10 Lrpm=16 Rrpm=16 Lfrpm=16 Rfrpm=0 Lfs=H Rfs=H Ltrp...
---
data: Lsrc=HALL_PRIMARY_OPTO_WARN Lconf=0.60 Lerr=0.250 Rsrc=HALL_OPTO_FUSED Rconf=1.00 Rerr=0.000
---
data: L=41.250 R=34.500 OL=46 OR=48 HL=47 HR=49
---
data: L=42.250 R=35.000 OL=47 OR=49 HL=48 HR=49
data: Lsrc=HALL_PRIMARY_OPTO_WARN Lconf=0.60 Lerr=0.200 Rsrc=HALL_OPTO_FUSED Rconf=1.00 Rerr=0.000
---
---
data: T lin=0.100 ang=0.000 hcw=0.000 hce=0.0 gyr=-0.00037 gyz=0.000 Lpwm=10 Rpwm=10 Lrpm=16 Rrpm=15 Lfrpm=16 Rfrpm=15 Lfs=H Rfs=H Ltr...
---
data: Lsrc=HALL_OPTO_FUSED Lconf=1.00 Lerr=0.000 Rsrc=HALL_OPTO_FUSED Rconf=1.00 Rerr=0.000
data: L=42.750 R=35.500 OL=47 OR=49 HL=49 HR=50
---
---
data: L=42.750 R=36.500 OL=48 OR=50 HL=49 HR=51
---
data: Lsrc=HALL_PRIMARY_OPTO_WARN Lconf=0.60 Lerr=0.167 Rsrc=HALL_PRIMARY_OPTO_WARN Rconf=0.60 Rerr=0.143
---
data: T lin=0.100 ang=0.000 hcw=0.000 hce=0.0 gyr=-0.00107 gyz=0.000 Lpwm=10 Rpwm=10 Lrpm=17 Rrpm=15 Lfrpm=0 Rfrpm=15 Lfs=H Rfs=H Ltrp...
---
data: Lsrc=HALL_OPTO_FUSED Lconf=1.00 Lerr=0.000 Rsrc=HALL_PRIMARY_OPTO_WARN Rconf=0.60 Rerr=0.167
---
data: L=43.750 R=36.500 OL=49 OR=51 HL=50 HR=51
---
data: L=43.750 R=37.000 OL=49 OR=51 HL=50 HR=52
---
data: Lsrc=HALL_OPTO_FUSED Lconf=1.00 Lerr=0.000 Rsrc=HALL_OPTO_FUSED Rconf=1.00 Rerr=0.000
---
data: T lin=0.100 ang=0.000 hcw=0.000 hce=0.0 gyr=-0.00046 gyz=0.000 Lpwm=10 Rpwm=10 Lrpm=17 Rrpm=16 Lfrpm=17 Rfrpm=0 Lfs=H Rfs=H Ltrp...
---
data: L=44.750 R=37.500 OL=50 OR=52 HL=51 HR=52
---
data: Lsrc=HALL_OPTO_FUSED Lconf=1.00 Lerr=0.000 Rsrc=HALL_OPTO_FUSED Rconf=1.00 Rerr=0.000
---
data: L=45.750 R=38.500 OL=51 OR=53 HL=52 HR=53
---
data: Lsrc=HALL_OPTO_FUSED Lconf=1.00 Lerr=0.000 Rsrc=HALL_PRIMARY_OPTO_WARN Rconf=0.60 Rerr=0.167
---
data: T lin=0.100 ang=0.000 hcw=0.000 hce=0.0 gyr=-0.00097 gyz=0.000 Lpwm=10 Rpwm=10 Lrpm=16 Rrpm=17 Lfrpm=16 Rfrpm=17 Lfs=H Rfs=H Ltr...
---
data: L=46.750 R=39.000 OL=52 OR=53 HL=53 HR=54
---
data: Lsrc=HALL_OPTO_FUSED Lconf=1.00 Lerr=0.000 Rsrc=HALL_OPTO_FUSED Rconf=1.00 Rerr=0.000
---
data: L=46.750 R=39.500 OL=52 OR=54 HL=53 HR=54
data: Lsrc=HALL_OPTO_FUSED Lconf=1.00 Lerr=0.000 Rsrc=HALL_OPTO_FUSED Rconf=1.00 Rerr=0.000
---
---
data: T lin=0.100 ang=0.000 hcw=0.000 hce=0.0 gyr=-0.00098 gyz=0.000 Lpwm=10 Rpwm=10 Lrpm=17 Rrpm=17 Lfrpm=0 Rfrpm=17 Lfs=H Rfs=H Ltrp...
---
data: Lsrc=HALL_OPTO_FUSED Lconf=1.00 Lerr=0.000 Rsrc=HALL_PRIMARY_OPTO_WARN Rconf=0.60 Rerr=0.167
---
data: L=47.750 R=40.500 OL=53 OR=55 HL=54 HR=55
---
data: L=48.750 R=41.500 OL=53 OR=55 HL=55 HR=56
data: Lsrc=HALL_PRIMARY_OPTO_WARN Lconf=0.60 Lerr=0.143 Rsrc=HALL_PRIMARY_OPTO_WARN Rconf=0.60 Rerr=0.143
---
---
data: T lin=0.100 ang=0.000 hcw=0.000 hce=0.0 gyr=-0.00055 gyz=0.000 Lpwm=10 Rpwm=10 Lrpm=17 Rrpm=17 Lfrpm=17 Rfrpm=0 Lfs=H Rfs=H Ltrp...
---
data: L=48.750 R=41.500 OL=54 OR=56 HL=55 HR=56
---
data: Lsrc=HALL_PRIMARY_OPTO_WARN Lconf=0.60 Lerr=0.167 Rsrc=HALL_PRIMARY_OPTO_WARN Rconf=0.60 Rerr=0.167
---
data: Lsrc=HALL_OPTO_FUSED Lconf=1.00 Lerr=0.000 Rsrc=HALL_OPTO_FUSED Rconf=1.00 Rerr=0.000
---
data: L=49.750 R=42.000 OL=55 OR=56 HL=56 HR=57
---
data: T lin=0.100 ang=0.000 hcw=0.000 hce=0.0 gyr=-0.00034 gyz=0.000 Lpwm=10 Rpwm=10 Lrpm=17 Rrpm=18 Lfrpm=17 Rfrpm=18 Lfs=H Rfs=H Ltr...
---
data: Lsrc=HALL_OPTO_FUSED Lconf=1.00 Lerr=0.000 Rsrc=HALL_PRIMARY_OPTO_WARN Rconf=0.60 Rerr=0.143
---
data: L=50.750 R=43.000 OL=56 OR=57 HL=57 HR=58
---
data: Lsrc=HALL_OPTO_FUSED Lconf=1.00 Lerr=0.000 Rsrc=HALL_PRIMARY_OPTO_WARN Rconf=0.60 Rerr=0.167
---
data: L=50.750 R=43.000 OL=56 OR=58 HL=57 HR=58
---
data: T lin=0.100 ang=0.000 hcw=0.000 hce=0.0 gyr=-0.00161 gyz=0.000 Lpwm=10 Rpwm=10 Lrpm=18 Rrpm=17 Lfrpm=0 Rfrpm=17 Lfs=H Rfs=H Ltrp...
---
data: Lsrc=HALL_OPTO_FUSED Lconf=1.00 Lerr=0.000 Rsrc=HALL_OPTO_FUSED Rconf=1.00 Rerr=0.000
---
data: L=51.750 R=44.000 OL=57 OR=59 HL=58 HR=59
---
data: L=52.750 R=45.000 OL=57 OR=59 HL=59 HR=60
data: Lsrc=HALL_PRIMARY_OPTO_WARN Lconf=0.60 Lerr=0.143 Rsrc=HALL_PRIMARY_OPTO_WARN Rconf=0.60 Rerr=0.143
---
---
data: T lin=0.100 ang=0.000 hcw=0.000 hce=0.0 gyr=-0.00101 gyz=0.000 Lpwm=10 Rpwm=10 Lrpm=18 Rrpm=18 Lfrpm=18 Rfrpm=0 Lfs=H Rfs=H Ltrp...
---
data: L=53.250 R=45.000 OL=58 OR=60 HL=59 HR=60
data: Lsrc=HALL_OPTO_FUSED Lconf=1.00 Lerr=0.000 Rsrc=HALL_PRIMARY_OPTO_WARN Rconf=0.60 Rerr=0.167
---
---
data: Lsrc=HALL_OPTO_FUSED Lconf=1.00 Lerr=0.000 Rsrc=HALL_PRIMARY_OPTO_WARN Rconf=0.60 Rerr=0.143
---
data: L=54.250 R=46.000 OL=59 OR=60 HL=60 HR=61
---
data: T lin=0.100 ang=0.000 hcw=0.000 hce=0.0 gyr=-0.00086 gyz=0.000 Lpwm=10 Rpwm=10 Lrpm=17 Rrpm=18 Lfrpm=17 Rfrpm=18 Lfs=H Rfs=H Ltr...
---
data: Lsrc=HALL_OPTO_FUSED Lconf=1.00 Lerr=0.000 Rsrc=HALL_PRIMARY_OPTO_WARN Rconf=0.60 Rerr=0.143
---
data: L=55.250 R=47.000 OL=60 OR=61 HL=61 HR=62
---
data: L=55.750 R=47.000 OL=60 OR=62 HL=62 HR=62
---
data: Lsrc=HALL_OPTO_FUSED Lconf=1.00 Lerr=0.000 Rsrc=HALL_PRIMARY_OPTO_WARN Rconf=0.60 Rerr=0.167
---
data: T lin=0.100 ang=0.000 hcw=0.000 hce=0.0 gyr=-0.00091 gyz=0.000 Lpwm=10 Rpwm=0 Lrpm=18 Rrpm=18 Lfrpm=0 Rfrpm=18 Lfs=H Rfs=H Ltrpm...
---
data: L=56.250 R=47.000 OL=61 OR=63 HL=62 HR=63
data: Lsrc=HALL_OPTO_FUSED Lconf=1.00 Lerr=0.000 Rsrc=STOP Rconf=1.00 Rerr=0.000
---
---
data: Lsrc=HALL_PRIMARY_OPTO_WARN Lconf=0.60 Lerr=0.143 Rsrc=STOP Rconf=1.00 Rerr=0.000
---
data: L=57.250 R=47.000 OL=61 OR=63 HL=63 HR=64
---
data: T lin=0.100 ang=0.000 hcw=0.000 hce=0.0 gyr=-0.00108 gyz=0.000 Lpwm=10 Rpwm=10 Lrpm=18 Rrpm=19 Lfrpm=18 Rfrpm=19 Lfs=H Rfs=H Ltr...
---
data: L=57.750 R=47.000 OL=62 OR=64 HL=63 HR=64
data: Lsrc=HALL_OPTO_FUSED Lconf=1.00 Lerr=0.000 Rsrc=HALL_WAIT Rconf=0.25 Rerr=-1.000
---
---
data: L=58.750 R=47.500 OL=63 OR=64 HL=64 HR=65
---
data: Lsrc=HALL_OPTO_FUSED Lconf=1.00 Lerr=0.000 Rsrc=HALL_OPTO_FUSED Rconf=1.00 Rerr=0.000
---
data: T lin=0.100 ang=0.000 hcw=0.000 hce=0.0 gyr=-0.00062 gyz=0.000 Lpwm=0 Rpwm=10 Lrpm=17 Rrpm=18 Lfrpm=0 Rfrpm=18 Lfs=H Rfs=H Ltrpm...
---
data: L=58.750 R=48.500 OL=63 OR=65 HL=65 HR=66
---
data: Lsrc=STOP Lconf=1.00 Lerr=0.000 Rsrc=HALL_OPTO_FUSED Rconf=1.00 Rerr=0.000
---
data: Lsrc=STOP Lconf=1.00 Lerr=0.000 Rsrc=HALL_PRIMARY_OPTO_WARN Rconf=0.60 Rerr=0.500
---
data: L=58.750 R=48.500 OL=64 OR=66 HL=65 HR=66
---
data: T lin=0.100 ang=0.000 hcw=0.000 hce=0.0 gyr=-0.00016 gyz=0.000 Lpwm=10 Rpwm=10 Lrpm=16 Rrpm=18 Lfrpm=16 Rfrpm=18 Lfs=H Rfs=H Ltr...
---
data: Lsrc=HALL_OPTO_FUSED Lconf=1.00 Lerr=0.000 Rsrc=HALL_OPTO_FUSED Rconf=1.00 Rerr=0.000
---
data: L=59.750 R=49.000 OL=65 OR=66 HL=66 HR=67
---
data: L=59.750 R=50.000 OL=65 OR=67 HL=66 HR=68
---
data: Lsrc=HALL_OPTO_FUSED Lconf=1.00 Lerr=0.000 Rsrc=HALL_OPTO_FUSED Rconf=1.00 Rerr=0.000
---
data: T lin=0.100 ang=0.000 hcw=0.000 hce=0.0 gyr=-0.00082 gyz=0.000 Lpwm=10 Rpwm=0 Lrpm=15 Rrpm=17 Lfrpm=15 Rfrpm=0 Lfs=H Rfs=H Ltrpm...
---
data: L=60.750 R=50.000 OL=66 OR=68 HL=67 HR=68
---
data: Lsrc=HALL_OPTO_FUSED Lconf=1.00 Lerr=0.000 Rsrc=STOP Rconf=1.00 Rerr=0.000
---
data: L=61.750 R=50.000 OL=67 OR=68 HL=68 HR=69
data: Lsrc=HALL_OPTO_FUSED Lconf=1.00 Lerr=0.000 Rsrc=STOP Rconf=1.00 Rerr=0.000
---
---
data: T lin=0.100 ang=0.000 hcw=0.000 hce=0.0 gyr=-0.00043 gyz=0.000 Lpwm=10 Rpwm=10 Lrpm=17 Rrpm=17 Lfrpm=17 Rfrpm=17 Lfs=H Rfs=H Ltr...
---
data: Lsrc=HALL_PRIMARY_OPTO_WARN Lconf=0.60 Lerr=0.250 Rsrc=HALL_WAIT Rconf=0.25 Rerr=-1.000
---
data: L=62.750 R=50.000 OL=67 OR=69 HL=69 HR=69
---
data: L=63.250 R=51.000 OL=68 OR=70 HL=69 HR=70
---
data: Lsrc=HALL_OPTO_FUSED Lconf=1.00 Lerr=0.000 Rsrc=HALL_PRIMARY_OPTO_WARN Rconf=0.60 Rerr=1.000
---
data: T lin=0.100 ang=0.000 hcw=0.000 hce=0.0 gyr=-0.00177 gyz=0.000 Lpwm=10 Rpwm=10 Lrpm=17 Rrpm=16 Lfrpm=0 Rfrpm=16 Lfs=H Rfs=H Ltrp...
---
data: L=64.250 R=51.500 OL=68 OR=70 HL=70 HR=71
---
data: Lsrc=HALL_PRIMARY_OPTO_WARN Lconf=0.60 Lerr=0.200 Rsrc=HALL_OPTO_FUSED Rconf=1.00 Rerr=0.000
---
data: L=64.750 R=52.500 OL=69 OR=71 HL=70 HR=72
---
data: Lsrc=HALL_OPTO_FUSED Lconf=1.00 Lerr=0.000 Rsrc=HALL_OPTO_FUSED Rconf=1.00 Rerr=0.000
---
data: T lin=0.100 ang=0.000 hcw=0.000 hce=0.0 gyr=-0.00109 gyz=0.000 Lpwm=10 Rpwm=0 Lrpm=16 Rrpm=17 Lfrpm=16 Rfrpm=17 Lfs=H Rfs=H Ltrp...
---
data: Lsrc=HALL_OPTO_FUSED Lconf=1.00 Lerr=0.000 Rsrc=STOP Rconf=1.00 Rerr=0.000
data: L=65.750 R=52.500 OL=70 OR=72 HL=71 HR=72
---
---
data: Lsrc=HALL_PRIMARY_OPTO_WARN Lconf=0.60 Lerr=0.143 Rsrc=STOP Rconf=1.00 Rerr=0.000
data: L=66.750 R=52.500 OL=70 OR=72 HL=72 HR=73
---
---
data: T lin=0.100 ang=0.000 hcw=0.000 hce=0.0 gyr=-0.00027 gyz=0.000 Lpwm=10 Rpwm=10 Lrpm=16 Rrpm=18 Lfrpm=16 Rfrpm=18 Lfs=H Rfs=H Ltr...
---
data: Lsrc=HALL_OPTO_FUSED Lconf=1.00 Lerr=0.000 Rsrc=HALL_WAIT Rconf=0.25 Rerr=-1.000
---
data: L=67.250 R=52.500 OL=71 OR=73 HL=72 HR=73
---
data: Lsrc=HALL_PRIMARY_OPTO_WARN Lconf=0.60 Lerr=0.143 Rsrc=HALL_PRIMARY_OPTO_WARN Rconf=0.60 Rerr=1.000
---
data: L=68.250 R=53.500 OL=71 OR=74 HL=73 HR=74
---
data: T lin=0.100 ang=0.000 hcw=0.000 hce=0.0 gyr=-0.00056 gyz=0.000 Lpwm=10 Rpwm=0 Lrpm=17 Rrpm=18 Lfrpm=0 Rfrpm=18 Lfs=H Rfs=H Ltrpm...
---
data: L=68.750 R=53.500 OL=72 OR=74 HL=73 HR=75
---
data: Lsrc=HALL_OPTO_FUSED Lconf=1.00 Lerr=0.000 Rsrc=STOP Rconf=1.00 Rerr=0.000
---
data: Lsrc=HALL_OPTO_FUSED Lconf=1.00 Lerr=0.000 Rsrc=STOP Rconf=1.00 Rerr=0.000
data: L=69.750 R=53.500 OL=73 OR=75 HL=74 HR=75
---
---
data: T lin=0.100 ang=0.000 hcw=0.000 hce=0.0 gyr=-0.00066 gyz=0.000 Lpwm=10 Rpwm=10 Lrpm=17 Rrpm=18 Lfrpm=17 Rfrpm=18 Lfs=H Rfs=H Ltr...
---
data: Lsrc=HALL_OPTO_FUSED Lconf=1.00 Lerr=0.000 Rsrc=HALL_PRIMARY_OPTO_WARN Rconf=0.60 Rerr=1.000
---
data: L=70.250 R=54.500 OL=73 OR=75 HL=75 HR=76
---
data: Lsrc=HALL_OPTO_FUSED Lconf=1.00 Lerr=0.000 Rsrc=HALL_PRIMARY_OPTO_WARN Rconf=0.60 Rerr=0.500
---
data: L=70.750 R=55.500 OL=74 OR=76 HL=75 HR=77
---
data: T lin=0.100 ang=0.000 hcw=0.000 hce=0.0 gyr=-0.00143 gyz=0.000 Lpwm=10 Rpwm=0 Lrpm=17 Rrpm=17 Lfrpm=17 Rfrpm=17 Lfs=H Rfs=H Ltrp...
---
data: Lsrc=HALL_PRIMARY_OPTO_WARN Lconf=0.60 Lerr=0.167 Rsrc=STOP Rconf=1.00 Rerr=0.000
---
data: L=71.750 R=55.500 OL=75 OR=77 HL=76 HR=77
---
data: L=71.750 R=55.500 OL=75 OR=77 HL=76 HR=78
---
data: Lsrc=HALL_OPTO_FUSED Lconf=1.00 Lerr=0.000 Rsrc=STOP Rconf=1.00 Rerr=0.000
---
data: T lin=0.100 ang=0.000 hcw=0.000 hce=0.0 gyr=-0.00069 gyz=0.000 Lpwm=10 Rpwm=10 Lrpm=17 Rrpm=17 Lfrpm=0 Rfrpm=17 Lfs=H Rfs=H Ltrp...
---
data: Lsrc=HALL_OPTO_FUSED Lconf=1.00 Lerr=0.000 Rsrc=HALL_WAIT Rconf=0.25 Rerr=-1.000
---
data: L=72.750 R=55.500 OL=76 OR=78 HL=77 HR=78
---
data: L=72.750 R=56.000 OL=76 OR=78 HL=77 HR=79
data: Lsrc=HALL_PRIMARY_OPTO_WARN Lconf=0.60 Lerr=0.200 Rsrc=HALL_OPTO_FUSED Rconf=1.00 Rerr=0.000
---
---
data: T lin=0.100 ang=0.000 hcw=0.000 hce=0.0 gyr=-0.00092 gyz=0.000 Lpwm=10 Rpwm=10 Lrpm=16 Rrpm=17 Lfrpm=16 Rfrpm=0 Lfs=H Rfs=H Ltrp...
---
data: Lsrc=HALL_OPTO_FUSED Lconf=1.00 Lerr=0.000 Rsrc=HALL_PRIMARY_OPTO_WARN Rconf=0.60 Rerr=1.000
---
data: L=73.750 R=56.000 OL=77 OR=79 HL=78 HR=79
---
data: Lsrc=HALL_OPTO_FUSED Lconf=1.00 Lerr=0.000 Rsrc=HALL_PRIMARY_OPTO_WARN Rconf=0.60 Rerr=0.500
---
data: L=74.250 R=57.000 OL=77 OR=80 HL=79 HR=80
---
data: T lin=0.100 ang=0.000 hcw=0.000 hce=0.0 gyr=-0.00085 gyz=0.000 Lpwm=10 Rpwm=10 Lrpm=15 Rrpm=16 Lfrpm=15 Rfrpm=16 Lfs=H Rfs=H Ltr...
---
data: L=74.750 R=57.500 OL=78 OR=80 HL=79 HR=81
---
data: Lsrc=HALL_OPTO_FUSED Lconf=1.00 Lerr=0.000 Rsrc=HALL_OPTO_FUSED Rconf=1.00 Rerr=0.000
---
data: Lsrc=HALL_OPTO_FUSED Lconf=1.00 Lerr=0.000 Rsrc=HALL_OPTO_FUSED Rconf=1.00 Rerr=0.000
---
data: L=75.750 R=58.500 OL=79 OR=81 HL=80 HR=82
---
data: T lin=0.100 ang=0.000 hcw=0.000 hce=0.0 gyr=-0.00071 gyz=0.000 Lpwm=10 Rpwm=10 Lrpm=16 Rrpm=16 Lfrpm=0 Rfrpm=16 Lfs=H Rfs=H Ltrp...
---
data: Lsrc=HALL_PRIMARY_OPTO_WARN Lconf=0.60 Lerr=0.200 Rsrc=HALL_PRIMARY_OPTO_WARN Rconf=0.60 Rerr=0.250
---
data: L=75.750 R=58.500 OL=79 OR=82 HL=80 HR=82
---
data: L=76.750 R=59.000 OL=80 OR=82 HL=81 HR=83
data: Lsrc=HALL_OPTO_FUSED Lconf=1.00 Lerr=0.000 Rsrc=HALL_OPTO_FUSED Rconf=1.00 Rerr=0.000
---
---
data: T lin=0.100 ang=0.000 hcw=0.000 hce=0.0 gyr=0.00049 gyz=0.000 Lpwm=10 Rpwm=0 Lrpm=15 Rrpm=17 Lfrpm=15 Rfrpm=17 Lfs=H Rfs=H Ltrpm...
---
data: L=77.750 R=59.000 OL=80 OR=83 HL=82 HR=84
data: Lsrc=HALL_PRIMARY_OPTO_WARN Lconf=0.60 Lerr=0.167 Rsrc=STOP Rconf=1.00 Rerr=0.000
---
---
data: L=78.250 R=59.000 OL=81 OR=84 HL=82 HR=84
data: Lsrc=HALL_OPTO_FUSED Lconf=1.00 Lerr=0.000 Rsrc=STOP Rconf=1.00 Rerr=0.000
---
---
data: L=79.250 R=59.000 OL=82 OR=84 HL=83 HR=85
---
data: Lsrc=HALL_OPTO_FUSED Lconf=1.00 Lerr=0.000 Rsrc=STOP Rconf=1.00 Rerr=0.000
---
data: Lsrc=HALL_OPTO_FUSED Lconf=1.00 Lerr=0.000 Rsrc=STOP Rconf=1.00 Rerr=0.000
---
data: L=80.250 R=59.000 OL=83 OR=85 HL=84 HR=85
---
data: Lsrc=HALL_OPTO_FUSED Lconf=1.00 Lerr=0.000 Rsrc=STOP Rconf=1.00 Rerr=0.000
---
data: L=80.250 R=59.000 OL=83 OR=85 HL=84 HR=86
---
data: Lsrc=HALL_PRIMARY_OPTO_WARN Lconf=0.60 Lerr=0.167 Rsrc=STOP Rconf=1.00 Rerr=0.000
---
data: L=81.250 R=59.000 OL=84 OR=86 HL=85 HR=86
---
data: L=82.250 R=59.000 OL=84 OR=86 HL=86 HR=87
---
data: Lsrc=HALL_PRIMARY_OPTO_WARN Lconf=0.60 Lerr=0.143 Rsrc=STOP Rconf=1.00 Rerr=0.000
---
data: Lsrc=HALL_OPTO_FUSED Lconf=1.00 Lerr=0.000 Rsrc=STOP Rconf=1.00 Rerr=0.000
---
data: L=82.750 R=59.000 OL=85 OR=87 HL=86 HR=88
---
data: L=83.750 R=59.000 OL=86 OR=88 HL=87 HR=88
---
data: Lsrc=HALL_OPTO_FUSED Lconf=1.00 Lerr=0.000 Rsrc=STOP Rconf=1.00 Rerr=0.000
---
data: L=83.750 R=59.000 OL=86 OR=88 HL=87 HR=89
---
data: Lsrc=HALL_OPTO_FUSED Lconf=1.00 Lerr=0.000 Rsrc=STOP Rconf=1.00 Rerr=0.000
---
data: L=84.750 R=59.000 OL=87 OR=89 HL=88 HR=89
---
data: Lsrc=HALL_PRIMARY_OPTO_WARN Lconf=0.60 Lerr=0.167 Rsrc=STOP Rconf=1.00 Rerr=0.000
---
data: T lin=0.000 ang=0.000 Lpwm=0 Rpwm=0 Lrpm=0 Rrpm=0 Ld=F Rd=F LmA=0.00 RmA=0.00
---
data: Lsrc=STOP Lconf=1.00 Lerr=0.000 Rsrc=STOP Rconf=1.00 Rerr=0.000
data: L=84.750 R=59.000 OL=87 OR=89 HL=89 HR=90
---
---
data: Lsrc=STOP Lconf=1.00 Lerr=0.000 Rsrc=STOP Rconf=1.00 Rerr=0.000
---
data: L=84.750 R=59.000 OL=88 OR=90 HL=89 HR=90
---
data: Lsrc=STOP Lconf=1.00 Lerr=0.000 Rsrc=STOP Rconf=1.00 Rerr=0.000
---
data: L=84.750 R=59.000 OL=88 OR=90 HL=89 HR=90
---
data: L=84.750 R=59.000 OL=88 OR=90 HL=89 HR=90
---
data: Lsrc=STOP Lconf=1.00 Lerr=0.000 Rsrc=STOP Rconf=1.00 Rerr=0.000
---
data: L=84.750 R=59.000 OL=88 OR=90 HL=89 HR=90
---
data: Lsrc=STOP Lconf=1.00 Lerr=0.000 Rsrc=STOP Rconf=1.00 Rerr=0.000
---
data: Lsrc=STOP Lconf=1.00 Lerr=0.000 Rsrc=STOP Rconf=1.00 Rerr=0.000
---
data: L=84.750 R=59.000 OL=88 OR=90 HL=89 HR=90
---
data: L=84.750 R=59.000 OL=88 OR=90 HL=89 HR=90
---
data: Lsrc=STOP Lconf=1.00 Lerr=0.000 Rsrc=STOP Rconf=1.00 Rerr=0.000
---
data: L=84.750 R=59.000 OL=88 OR=90 HL=89 HR=90
---
data: Lsrc=STOP Lconf=1.00 Lerr=0.000 Rsrc=STOP Rconf=1.00 Rerr=0.000
---
data: Lsrc=STOP Lconf=1.00 Lerr=0.000 Rsrc=STOP Rconf=1.00 Rerr=0.000
data: L=84.750 R=59.000 OL=88 OR=90 HL=89 HR=90
---
---
data: Lsrc=STOP Lconf=1.00 Lerr=0.000 Rsrc=STOP Rconf=1.00 Rerr=0.000
---
data: L=84.750 R=59.000 OL=88 OR=90 HL=89 HR=90
---
data: Lsrc=STOP Lconf=1.00 Lerr=0.000 Rsrc=STOP Rconf=1.00 Rerr=0.000
---
data: L=84.750 R=59.000 OL=88 OR=90 HL=89 HR=90
---
data: Lsrc=STOP Lconf=1.00 Lerr=0.000 Rsrc=STOP Rconf=1.00 Rerr=0.000
---
data: L=84.750 R=59.000 OL=88 OR=90 HL=89 HR=90
---
data: Lsrc=STOP Lconf=1.00 Lerr=0.000 Rsrc=STOP Rconf=1.00 Rerr=0.000
data: L=84.750 R=59.000 OL=88 OR=90 HL=89 HR=90
---
---
data: Lsrc=STOP Lconf=1.00 Lerr=0.000 Rsrc=STOP Rconf=1.00 Rerr=0.000
---
data: L=84.750 R=59.000 OL=88 OR=90 HL=89 HR=90
---
data: Lsrc=STOP Lconf=1.00 Lerr=0.000 Rsrc=STOP Rconf=1.00 Rerr=0.000
---
data: L=84.750 R=59.000 OL=88 OR=90 HL=89 HR=90
---
data: Lsrc=STOP Lconf=1.00 Lerr=0.000 Rsrc=STOP Rconf=1.00 Rerr=0.000
---
data: L=84.750 R=59.000 OL=88 OR=90 HL=89 HR=90
---
data: Lsrc=STOP Lconf=1.00 Lerr=0.000 Rsrc=STOP Rconf=1.00 Rerr=0.000
---
data: L=84.750 R=59.000 OL=88 OR=90 HL=89 HR=90
---
data: L=84.750 R=59.000 OL=88 OR=90 HL=89 HR=90
---
data: Lsrc=STOP Lconf=1.00 Lerr=0.000 Rsrc=STOP Rconf=1.00 Rerr=0.000
---
data: L=84.750 R=59.000 OL=88 OR=90 HL=89 HR=90
---
data: Lsrc=STOP Lconf=1.00 Lerr=0.000 Rsrc=STOP Rconf=1.00 Rerr=0.000
---
data: Lsrc=STOP Lconf=1.00 Lerr=0.000 Rsrc=STOP Rconf=1.00 Rerr=0.000
---
data: L=84.750 R=59.000 OL=88 OR=90 HL=89 HR=90
---
data: L=84.750 R=59.000 OL=88 OR=90 HL=89 HR=90
---
data: Lsrc=STOP Lconf=1.00 Lerr=0.000 Rsrc=STOP Rconf=1.00 Rerr=0.000
---
data: Lsrc=STOP Lconf=1.00 Lerr=0.000 Rsrc=STOP Rconf=1.00 Rerr=0.000
---
data: L=84.750 R=59.000 OL=88 OR=90 HL=89 HR=90
---
data: L=84.750 R=59.000 OL=88 OR=90 HL=89 HR=90
---
data: Lsrc=STOP Lconf=1.00 Lerr=0.000 Rsrc=STOP Rconf=1.00 Rerr=0.000
---
data: L=84.750 R=59.000 OL=88 OR=90 HL=89 HR=90
---
data: Lsrc=STOP Lconf=1.00 Lerr=0.000 Rsrc=STOP Rconf=1.00 Rerr=0.000
---
data: L=84.750 R=59.000 OL=88 OR=90 HL=89 HR=90
data: Lsrc=STOP Lconf=1.00 Lerr=0.000 Rsrc=STOP Rconf=1.00 Rerr=0.000
---
---
data: L=84.750 R=59.000 OL=88 OR=90 HL=89 HR=90
---
data: Lsrc=STOP Lconf=1.00 Lerr=0.000 Rsrc=STOP Rconf=1.00 Rerr=0.000
---
data: Lsrc=STOP Lconf=1.00 Lerr=0.000 Rsrc=STOP Rconf=1.00 Rerr=0.000
---
data: L=84.750 R=59.000 OL=88 OR=90 HL=89 HR=90
---
data: Lsrc=STOP Lconf=1.00 Lerr=0.000 Rsrc=STOP Rconf=1.00 Rerr=0.000
---
data: L=84.750 R=59.000 OL=88 OR=90 HL=89 HR=90
---
data: L=84.750 R=59.000 OL=88 OR=90 HL=89 HR=90
---
data: Lsrc=STOP Lconf=1.00 Lerr=0.000 Rsrc=STOP Rconf=1.00 Rerr=0.000
---
data: L=84.750 R=59.000 OL=88 OR=90 HL=89 HR=90
data: Lsrc=STOP Lconf=1.00 Lerr=0.000 Rsrc=STOP Rconf=1.00 Rerr=0.000
---
---
data: L=84.750 R=59.000 OL=88 OR=90 HL=89 HR=90
data: Lsrc=STOP Lconf=1.00 Lerr=0.000 Rsrc=STOP Rconf=1.00 Rerr=0.000
---
---
data: L=84.750 R=59.000 OL=88 OR=90 HL=89 HR=90
data: Lsrc=STOP Lconf=1.00 Lerr=0.000 Rsrc=STOP Rconf=1.00 Rerr=0.000
---
---
data: Lsrc=STOP Lconf=1.00 Lerr=0.000 Rsrc=STOP Rconf=1.00 Rerr=0.000
---
data: L=84.750 R=59.000 OL=88 OR=90 HL=89 HR=90
---
data: L=84.750 R=59.000 OL=88 OR=90 HL=89 HR=90
---
data: Lsrc=STOP Lconf=1.00 Lerr=0.000 Rsrc=STOP Rconf=1.00 Rerr=0.000
---
data: L=84.750 R=59.000 OL=88 OR=90 HL=89 HR=90
data: Lsrc=STOP Lconf=1.00 Lerr=0.000 Rsrc=STOP Rconf=1.00 Rerr=0.000
---
---
data: Lsrc=STOP Lconf=1.00 Lerr=0.000 Rsrc=STOP Rconf=1.00 Rerr=0.000
---
data: L=84.750 R=59.000 OL=88 OR=90 HL=89 HR=90
---
data: L=84.750 R=59.000 OL=88 OR=90 HL=89 HR=90
---
data: Lsrc=STOP Lconf=1.00 Lerr=0.000 Rsrc=STOP Rconf=1.00 Rerr=0.000
---
data: L=84.750 R=59.000 OL=88 OR=90 HL=89 HR=90
---
data: Lsrc=STOP Lconf=1.00 Lerr=0.000 Rsrc=STOP Rconf=1.00 Rerr=0.000
---
data: Lsrc=STOP Lconf=1.00 Lerr=0.000 Rsrc=STOP Rconf=1.00 Rerr=0.000
---
data: L=84.750 R=59.000 OL=88 OR=90 HL=89 HR=90
---
data: Lsrc=STOP Lconf=1.00 Lerr=0.000 Rsrc=STOP Rconf=1.00 Rerr=0.000
---
data: L=84.750 R=59.000 OL=88 OR=90 HL=89 HR=90
---
data: L=84.750 R=59.000 OL=88 OR=90 HL=89 HR=90
data: Lsrc=STOP Lconf=1.00 Lerr=0.000 Rsrc=STOP Rconf=1.00 Rerr=0.000
---
---
data: L=84.750 R=59.000 OL=88 OR=90 HL=89 HR=90
---
data: Lsrc=STOP Lconf=1.00 Lerr=0.000 Rsrc=STOP Rconf=1.00 Rerr=0.000
---
data: Lsrc=STOP Lconf=1.00 Lerr=0.000 Rsrc=STOP Rconf=1.00 Rerr=0.000
---
data: L=84.750 R=59.000 OL=88 OR=90 HL=89 HR=90
---
data: L=84.750 R=59.000 OL=88 OR=90 HL=89 HR=90
---
data: Lsrc=STOP Lconf=1.00 Lerr=0.000 Rsrc=STOP Rconf=1.00 Rerr=0.000
---
data: Lsrc=STOP Lconf=1.00 Lerr=0.000 Rsrc=STOP Rconf=1.00 Rerr=0.000
data: L=84.750 R=59.000 OL=88 OR=90 HL=89 HR=90
---
---
data: L=84.750 R=59.000 OL=88 OR=90 HL=89 HR=90
---
data: Lsrc=STOP Lconf=1.00 Lerr=0.000 Rsrc=STOP Rconf=1.00 Rerr=0.000
---
data: Lsrc=STOP Lconf=1.00 Lerr=0.000 Rsrc=STOP Rconf=1.00 Rerr=0.000
---
data: L=84.750 R=59.000 OL=88 OR=90 HL=89 HR=90
---
data: Lsrc=STOP Lconf=1.00 Lerr=0.000 Rsrc=STOP Rconf=1.00 Rerr=0.000
---
data: L=84.750 R=59.000 OL=88 OR=90 HL=89 HR=90
---
data: L=84.750 R=59.000 OL=88 OR=90 HL=89 HR=90
---
data: Lsrc=STOP Lconf=1.00 Lerr=0.000 Rsrc=STOP Rconf=1.00 Rerr=0.000
---
data: L=84.750 R=59.000 OL=88 OR=90 HL=89 HR=90
---
data: Lsrc=STOP Lconf=1.00 Lerr=0.000 Rsrc=STOP Rconf=1.00 Rerr=0.000
---
data: L=84.750 R=59.000 OL=88 OR=90 HL=89 HR=90
---
data: Lsrc=STOP Lconf=1.00 Lerr=0.000 Rsrc=STOP Rconf=1.00 Rerr=0.000
---
data: Lsrc=STOP Lconf=1.00 Lerr=0.000 Rsrc=STOP Rconf=1.00 Rerr=0.000
---
data: L=84.750 R=59.000 OL=88 OR=90 HL=89 HR=90
---
data: L=84.750 R=59.000 OL=88 OR=90 HL=89 HR=90
data: Lsrc=STOP Lconf=1.00 Lerr=0.000 Rsrc=STOP Rconf=1.00 Rerr=0.000
---
---
data: L=84.750 R=59.000 OL=88 OR=90 HL=89 HR=90
---
data: Lsrc=STOP Lconf=1.00 Lerr=0.000 Rsrc=STOP Rconf=1.00 Rerr=0.000
---
data: Lsrc=STOP Lconf=1.00 Lerr=0.000 Rsrc=STOP Rconf=1.00 Rerr=0.000
---
data: L=84.750 R=59.000 OL=88 OR=90 HL=89 HR=90
---
data: Lsrc=STOP Lconf=1.00 Lerr=0.000 Rsrc=STOP Rconf=1.00 Rerr=0.000
---
data: L=84.750 R=59.000 OL=88 OR=90 HL=89 HR=90
---
data: L=84.750 R=59.000 OL=88 OR=90 HL=89 HR=90
---
data: Lsrc=STOP Lconf=1.00 Lerr=0.000 Rsrc=STOP Rconf=1.00 Rerr=0.000
---
data: L=84.750 R=59.000 OL=88 OR=90 HL=89 HR=90
---
data: Lsrc=STOP Lconf=1.00 Lerr=0.000 Rsrc=STOP Rconf=1.00 Rerr=0.000
---
data: Lsrc=STOP Lconf=1.00 Lerr=0.000 Rsrc=STOP Rconf=1.00 Rerr=0.000
---
data: L=84.750 R=59.000 OL=88 OR=90 HL=89 HR=90
---
data: L=84.750 R=59.000 OL=88 OR=90 HL=89 HR=90
---
data: Lsrc=STOP Lconf=1.00 Lerr=0.000 Rsrc=STOP Rconf=1.00 Rerr=0.000
---
data: Lsrc=STOP Lconf=1.00 Lerr=0.000 Rsrc=STOP Rconf=1.00 Rerr=0.000
data: L=84.750 R=59.000 OL=88 OR=90 HL=89 HR=90
---
---
data: Lsrc=STOP Lconf=1.00 Lerr=0.000 Rsrc=STOP Rconf=1.00 Rerr=0.000
---
data: L=84.750 R=59.000 OL=88 OR=90 HL=89 HR=90
---
data: Lsrc=STOP Lconf=1.00 Lerr=0.000 Rsrc=STOP Rconf=1.00 Rerr=0.000
---
data: L=84.750 R=59.000 OL=88 OR=90 HL=89 HR=90
---
data: T lin=0.000 ang=0.000 Lpwm=0 Rpwm=0 Lrpm=0 Rrpm=0 Ld=F Rd=F LmA=0.00 RmA=0.00
---
data: Lsrc=STOP Lconf=1.00 Lerr=0.000 Rsrc=STOP Rconf=1.00 Rerr=0.000
---
data: L=84.750 R=59.000 OL=88 OR=90 HL=89 HR=90
---
data: Lsrc=STOP Lconf=1.00 Lerr=0.000 Rsrc=STOP Rconf=1.00 Rerr=0.000
data: L=84.750 R=59.000 OL=88 OR=90 HL=89 HR=90
---
---
data: Lsrc=STOP Lconf=1.00 Lerr=0.000 Rsrc=STOP Rconf=1.00 Rerr=0.000
---
data: L=84.750 R=59.000 OL=88 OR=90 HL=89 HR=90
---
data: Lsrc=STOP Lconf=1.00 Lerr=0.000 Rsrc=STOP Rconf=1.00 Rerr=0.000
---
data: L=84.750 R=59.000 OL=88 OR=90 HL=89 HR=90
---
data: L=84.750 R=59.000 OL=88 OR=90 HL=89 HR=90
---
data: Lsrc=STOP Lconf=1.00 Lerr=0.000 Rsrc=STOP Rconf=1.00 Rerr=0.000
---
data: Lsrc=STOP Lconf=1.00 Lerr=0.000 Rsrc=STOP Rconf=1.00 Rerr=0.000
---
data: L=84.750 R=59.000 OL=88 OR=90 HL=89 HR=90
---
data: L=84.750 R=59.000 OL=88 OR=90 HL=89 HR=90
data: Lsrc=STOP Lconf=1.00 Lerr=0.000 Rsrc=STOP Rconf=1.00 Rerr=0.000
---
---
data: Lsrc=STOP Lconf=1.00 Lerr=0.000 Rsrc=STOP Rconf=1.00 Rerr=0.000
---
data: L=84.750 R=59.000 OL=88 OR=90 HL=89 HR=90
---
data: Lsrc=STOP Lconf=1.00 Lerr=0.000 Rsrc=STOP Rconf=1.00 Rerr=0.000
---
data: L=84.750 R=59.000 OL=88 OR=90 HL=89 HR=90
---
data: L=84.750 R=59.000 OL=88 OR=90 HL=89 HR=90
---
data: Lsrc=STOP Lconf=1.00 Lerr=0.000 Rsrc=STOP Rconf=1.00 Rerr=0.000
---
data: Lsrc=STOP Lconf=1.00 Lerr=0.000 Rsrc=STOP Rconf=1.00 Rerr=0.000
---
data: L=84.750 R=59.000 OL=88 OR=90 HL=89 HR=90
---
data: Lsrc=STOP Lconf=1.00 Lerr=0.000 Rsrc=STOP Rconf=1.00 Rerr=0.000
---
data: L=84.750 R=59.000 OL=88 OR=90 HL=89 HR=90
---
data: Lsrc=STOP Lconf=1.00 Lerr=0.000 Rsrc=STOP Rconf=1.00 Rerr=0.000
---
data: L=84.750 R=59.000 OL=88 OR=90 HL=89 HR=90
---
data: Lsrc=STOP Lconf=1.00 Lerr=0.000 Rsrc=STOP Rconf=1.00 Rerr=0.000
---
data: L=84.750 R=59.000 OL=88 OR=90 HL=89 HR=90
---
data: L=84.750 R=59.000 OL=88 OR=90 HL=89 HR=90
---
data: Lsrc=STOP Lconf=1.00 Lerr=0.000 Rsrc=STOP Rconf=1.00 Rerr=0.000
---
data: L=84.750 R=59.000 OL=88 OR=90 HL=89 HR=90
data: Lsrc=STOP Lconf=1.00 Lerr=0.000 Rsrc=STOP Rconf=1.00 Rerr=0.000
---
---
data: L=84.750 R=59.000 OL=88 OR=90 HL=89 HR=90
data: Lsrc=STOP Lconf=1.00 Lerr=0.000 Rsrc=STOP Rconf=1.00 Rerr=0.000
---
---
data: Lsrc=STOP Lconf=1.00 Lerr=0.000 Rsrc=STOP Rconf=1.00 Rerr=0.000
---
data: L=84.750 R=59.000 OL=88 OR=90 HL=89 HR=90
---
data: L=84.750 R=59.000 OL=88 OR=90 HL=89 HR=90
---
data: Lsrc=STOP Lconf=1.00 Lerr=0.000 Rsrc=STOP Rconf=1.00 Rerr=0.000
---
data: L=84.750 R=59.000 OL=88 OR=90 HL=89 HR=90
---
data: Lsrc=STOP Lconf=1.00 Lerr=0.000 Rsrc=STOP Rconf=1.00 Rerr=0.000
---
data: Lsrc=STOP Lconf=1.00 Lerr=0.000 Rsrc=STOP Rconf=1.00 Rerr=0.000
---
data: L=84.750 R=59.000 OL=88 OR=90 HL=89 HR=90
---
data: Lsrc=STOP Lconf=1.00 Lerr=0.000 Rsrc=STOP Rconf=1.00 Rerr=0.000
---
data: L=84.750 R=59.000 OL=88 OR=90 HL=89 HR=90
---
data: Lsrc=STOP Lconf=1.00 Lerr=0.000 Rsrc=STOP Rconf=1.00 Rerr=0.000
---
data: L=84.750 R=59.000 OL=88 OR=90 HL=89 HR=90
---
data: Lsrc=STOP Lconf=1.00 Lerr=0.000 Rsrc=STOP Rconf=1.00 Rerr=0.000
---
data: L=84.750 R=59.000 OL=88 OR=90 HL=89 HR=90
---
data: L=84.750 R=59.000 OL=88 OR=90 HL=89 HR=90
---
data: Lsrc=STOP Lconf=1.00 Lerr=0.000 Rsrc=STOP Rconf=1.00 Rerr=0.000
---
data: Lsrc=STOP Lconf=1.00 Lerr=0.000 Rsrc=STOP Rconf=1.00 Rerr=0.000
---
data: L=84.750 R=59.000 OL=88 OR=90 HL=89 HR=90
---
data: L=84.750 R=59.000 OL=88 OR=90 HL=89 HR=90
data: Lsrc=STOP Lconf=1.00 Lerr=0.000 Rsrc=STOP Rconf=1.00 Rerr=0.000
---
---
data: Lsrc=STOP Lconf=1.00 Lerr=0.000 Rsrc=STOP Rconf=1.00 Rerr=0.000
---
data: L=84.750 R=59.000 OL=88 OR=90 HL=89 HR=90
---
data: Lsrc=STOP Lconf=1.00 Lerr=0.000 Rsrc=STOP Rconf=1.00 Rerr=0.000
---
data: L=84.750 R=59.000 OL=88 OR=90 HL=89 HR=90
---
data: Lsrc=STOP Lconf=1.00 Lerr=0.000 Rsrc=STOP Rconf=1.00 Rerr=0.000
---
data: L=84.750 R=59.000 OL=88 OR=90 HL=89 HR=90
---
data: Lsrc=STOP Lconf=1.00 Lerr=0.000 Rsrc=STOP Rconf=1.00 Rerr=0.000
---
data: L=84.750 R=59.000 OL=88 OR=90 HL=89 HR=90
---
data: Lsrc=STOP Lconf=1.00 Lerr=0.000 Rsrc=STOP Rconf=1.00 Rerr=0.000
data: L=84.750 R=59.000 OL=88 OR=90 HL=89 HR=90
---
---
data: Lsrc=STOP Lconf=1.00 Lerr=0.000 Rsrc=STOP Rconf=1.00 Rerr=0.000
data: L=84.750 R=59.000 OL=88 OR=90 HL=89 HR=90
---
---
data: Lsrc=STOP Lconf=1.00 Lerr=0.000 Rsrc=STOP Rconf=1.00 Rerr=0.000
data: L=84.750 R=59.000 OL=88 OR=90 HL=89 HR=90
---
---
data: Lsrc=STOP Lconf=1.00 Lerr=0.000 Rsrc=STOP Rconf=1.00 Rerr=0.000
---
data: L=84.750 R=59.000 OL=88 OR=90 HL=89 HR=90
---
data: L=84.750 R=59.000 OL=88 OR=90 HL=89 HR=90
---
data: Lsrc=STOP Lconf=1.00 Lerr=0.000 Rsrc=STOP Rconf=1.00 Rerr=0.000
---
data: L=84.750 R=59.000 OL=88 OR=90 HL=89 HR=90
---
data: Lsrc=STOP Lconf=1.00 Lerr=0.000 Rsrc=STOP Rconf=1.00 Rerr=0.000
---
data: Lsrc=STOP Lconf=1.00 Lerr=0.000 Rsrc=STOP Rconf=1.00 Rerr=0.000
---
data: L=84.750 R=59.000 OL=88 OR=90 HL=89 HR=90
---
data: L=84.750 R=59.000 OL=88 OR=90 HL=89 HR=90
---
data: Lsrc=STOP Lconf=1.00 Lerr=0.000 Rsrc=STOP Rconf=1.00 Rerr=0.000
---
data: Lsrc=STOP Lconf=1.00 Lerr=0.000 Rsrc=STOP Rconf=1.00 Rerr=0.000
---
data: L=84.750 R=59.000 OL=88 OR=90 HL=89 HR=90
---
data: L=84.750 R=59.000 OL=88 OR=90 HL=89 HR=90
---
data: Lsrc=STOP Lconf=1.00 Lerr=0.000 Rsrc=STOP Rconf=1.00 Rerr=0.000
---
data: L=84.750 R=59.000 OL=88 OR=90 HL=89 HR=90
---
data: Lsrc=STOP Lconf=1.00 Lerr=0.000 Rsrc=STOP Rconf=1.00 Rerr=0.000
---
data: Lsrc=STOP Lconf=1.00 Lerr=0.000 Rsrc=STOP Rconf=1.00 Rerr=0.000
---
data: L=84.750 R=59.000 OL=88 OR=90 HL=89 HR=90
---
data: Lsrc=STOP Lconf=1.00 Lerr=0.000 Rsrc=STOP Rconf=1.00 Rerr=0.000
---
data: L=84.750 R=59.000 OL=88 OR=90 HL=89 HR=90
---
data: L=84.750 R=59.000 OL=88 OR=90 HL=89 HR=90
---
data: Lsrc=STOP Lconf=1.00 Lerr=0.000 Rsrc=STOP Rconf=1.00 Rerr=0.000
---
data: L=84.750 R=59.000 OL=88 OR=90 HL=89 HR=90
data: Lsrc=STOP Lconf=1.00 Lerr=0.000 Rsrc=STOP Rconf=1.00 Rerr=0.000
---
---
data: L=84.750 R=59.000 OL=88 OR=90 HL=89 HR=90
---
data: Lsrc=STOP Lconf=1.00 Lerr=0.000 Rsrc=STOP Rconf=1.00 Rerr=0.000
---
data: L=84.750 R=59.000 OL=88 OR=90 HL=89 HR=90
data: Lsrc=STOP Lconf=1.00 Lerr=0.000 Rsrc=STOP Rconf=1.00 Rerr=0.000
---
---
data: L=84.750 R=59.000 OL=88 OR=90 HL=89 HR=90
---
data: Lsrc=STOP Lconf=1.00 Lerr=0.000 Rsrc=STOP Rconf=1.00 Rerr=0.000
---
data: Lsrc=STOP Lconf=1.00 Lerr=0.000 Rsrc=STOP Rconf=1.00 Rerr=0.000
---
data: L=84.750 R=59.000 OL=88 OR=90 HL=89 HR=90
---
data: Lsrc=STOP Lconf=1.00 Lerr=0.000 Rsrc=STOP Rconf=1.00 Rerr=0.000
---
data: L=84.750 R=59.000 OL=88 OR=90 HL=89 HR=90
---
data: Lsrc=STOP Lconf=1.00 Lerr=0.000 Rsrc=STOP Rconf=1.00 Rerr=0.000
---
data: L=84.750 R=59.000 OL=88 OR=90 HL=89 HR=90
---
data: L=84.750 R=59.000 OL=88 OR=90 HL=89 HR=90
data: Lsrc=STOP Lconf=1.00 Lerr=0.000 Rsrc=STOP Rconf=1.00 Rerr=0.000
---
---
data: Lsrc=STOP Lconf=1.00 Lerr=0.000 Rsrc=STOP Rconf=1.00 Rerr=0.000
---
data: L=84.750 R=59.000 OL=88 OR=90 HL=89 HR=90
---
data: Lsrc=STOP Lconf=1.00 Lerr=0.000 Rsrc=STOP Rconf=1.00 Rerr=0.000
---
data: L=84.750 R=59.000 OL=88 OR=90 HL=89 HR=90
---
data: L=84.750 R=59.000 OL=88 OR=90 HL=89 HR=90
---
data: Lsrc=STOP Lconf=1.00 Lerr=0.000 Rsrc=STOP Rconf=1.00 Rerr=0.000
---
data: L=84.750 R=59.000 OL=88 OR=90 HL=89 HR=90
---
data: Lsrc=STOP Lconf=1.00 Lerr=0.000 Rsrc=STOP Rconf=1.00 Rerr=0.000
---
data: L=84.750 R=59.000 OL=88 OR=90 HL=89 HR=90
---
data: Lsrc=STOP Lconf=1.00 Lerr=0.000 Rsrc=STOP Rconf=1.00 Rerr=0.000
---
data: Lsrc=STOP Lconf=1.00 Lerr=0.000 Rsrc=STOP Rconf=1.00 Rerr=0.000
---
data: L=84.750 R=59.000 OL=88 OR=90 HL=89 HR=90
---
data: Lsrc=STOP Lconf=1.00 Lerr=0.000 Rsrc=STOP Rconf=1.00 Rerr=0.000
data: L=84.750 R=59.000 OL=88 OR=90 HL=89 HR=90
---
---
data: Lsrc=STOP Lconf=1.00 Lerr=0.000 Rsrc=STOP Rconf=1.00 Rerr=0.000
---
data: L=84.750 R=59.000 OL=88 OR=90 HL=89 HR=90
---
data: L=84.750 R=59.000 OL=88 OR=90 HL=89 HR=90
data: Lsrc=STOP Lconf=1.00 Lerr=0.000 Rsrc=STOP Rconf=1.00 Rerr=0.000
---
---
data: Lsrc=STOP Lconf=1.00 Lerr=0.000 Rsrc=STOP Rconf=1.00 Rerr=0.000
---
data: L=84.750 R=59.000 OL=88 OR=90 HL=89 HR=90
---
data: L=84.750 R=59.000 OL=88 OR=90 HL=89 HR=90
---
data: Lsrc=STOP Lconf=1.00 Lerr=0.000 Rsrc=STOP Rconf=1.00 Rerr=0.000
---
data: Lsrc=STOP Lconf=1.00 Lerr=0.000 Rsrc=STOP Rconf=1.00 Rerr=0.000
data: L=84.750 R=59.000 OL=88 OR=90 HL=89 HR=90
---
---
data: L=84.750 R=59.000 OL=88 OR=90 HL=89 HR=90
data: Lsrc=STOP Lconf=1.00 Lerr=0.000 Rsrc=STOP Rconf=1.00 Rerr=0.000
---
---
data: Lsrc=STOP Lconf=1.00 Lerr=0.000 Rsrc=STOP Rconf=1.00 Rerr=0.000
---
data: L=84.750 R=59.000 OL=88 OR=90 HL=89 HR=90
---
data: L=84.750 R=59.000 OL=88 OR=90 HL=89 HR=90
data: Lsrc=STOP Lconf=1.00 Lerr=0.000 Rsrc=STOP Rconf=1.00 Rerr=0.000
---
---
data: L=84.750 R=59.000 OL=88 OR=90 HL=89 HR=90
data: Lsrc=STOP Lconf=1.00 Lerr=0.000 Rsrc=STOP Rconf=1.00 Rerr=0.000
---
---
data: L=84.750 R=59.000 OL=88 OR=90 HL=89 HR=90
data: Lsrc=STOP Lconf=1.00 Lerr=0.000 Rsrc=STOP Rconf=1.00 Rerr=0.000
---
---
data: L=84.750 R=59.000 OL=88 OR=90 HL=89 HR=90
---
data: Lsrc=STOP Lconf=1.00 Lerr=0.000 Rsrc=STOP Rconf=1.00 Rerr=0.000
---
data: L=84.750 R=59.000 OL=88 OR=90 HL=89 HR=90
---
data: Lsrc=STOP Lconf=1.00 Lerr=0.000 Rsrc=STOP Rconf=1.00 Rerr=0.000
---
data: L=84.750 R=59.000 OL=88 OR=90 HL=89 HR=90
---
data: Lsrc=STOP Lconf=1.00 Lerr=0.000 Rsrc=STOP Rconf=1.00 Rerr=0.000
---
data: L=84.750 R=59.000 OL=88 OR=90 HL=89 HR=90
---
data: Lsrc=STOP Lconf=1.00 Lerr=0.000 Rsrc=STOP Rconf=1.00 Rerr=0.000
---
data: L=84.750 R=59.000 OL=88 OR=90 HL=89 HR=90
---
data: Lsrc=STOP Lconf=1.00 Lerr=0.000 Rsrc=STOP Rconf=1.00 Rerr=0.000
---
data: Lsrc=STOP Lconf=1.00 Lerr=0.000 Rsrc=STOP Rconf=1.00 Rerr=0.000
---
data: L=84.750 R=59.000 OL=88 OR=90 HL=89 HR=90
---
data: Lsrc=STOP Lconf=1.00 Lerr=0.000 Rsrc=STOP Rconf=1.00 Rerr=0.000
---
data: L=84.750 R=59.000 OL=88 OR=90 HL=89 HR=90
---
data: Lsrc=STOP Lconf=1.00 Lerr=0.000 Rsrc=STOP Rconf=1.00 Rerr=0.000
---
data: L=84.750 R=59.000 OL=88 OR=90 HL=89 HR=90
---
data: L=84.750 R=59.000 OL=88 OR=90 HL=89 HR=90
---
data: Lsrc=STOP Lconf=1.00 Lerr=0.000 Rsrc=STOP Rconf=1.00 Rerr=0.000
---
data: L=84.750 R=59.000 OL=88 OR=90 HL=89 HR=90
---
data: Lsrc=STOP Lconf=1.00 Lerr=0.000 Rsrc=STOP Rconf=1.00 Rerr=0.000
---
data: Lsrc=STOP Lconf=1.00 Lerr=0.000 Rsrc=STOP Rconf=1.00 Rerr=0.000
---
data: L=84.750 R=59.000 OL=88 OR=90 HL=89 HR=90
---
data: L=84.750 R=59.000 OL=88 OR=90 HL=89 HR=90
data: Lsrc=STOP Lconf=1.00 Lerr=0.000 Rsrc=STOP Rconf=1.00 Rerr=0.000
---
---
data: Lsrc=STOP Lconf=1.00 Lerr=0.000 Rsrc=STOP Rconf=1.00 Rerr=0.000
---
data: L=84.750 R=59.000 OL=88 OR=90 HL=89 HR=90
---
data: L=84.750 R=59.000 OL=88 OR=90 HL=89 HR=90
data: Lsrc=STOP Lconf=1.00 Lerr=0.000 Rsrc=STOP Rconf=1.00 Rerr=0.000
---
---
data: L=84.750 R=59.000 OL=88 OR=90 HL=89 HR=90
data: Lsrc=STOP Lconf=1.00 Lerr=0.000 Rsrc=STOP Rconf=1.00 Rerr=0.000
---
---
data: Lsrc=STOP Lconf=1.00 Lerr=0.000 Rsrc=STOP Rconf=1.00 Rerr=0.000
---
data: L=84.750 R=59.000 OL=88 OR=90 HL=89 HR=90
---
data: Lsrc=STOP Lconf=1.00 Lerr=0.000 Rsrc=STOP Rconf=1.00 Rerr=0.000
---
data: L=84.750 R=59.000 OL=88 OR=90 HL=89 HR=90
---
data: L=84.750 R=59.000 OL=88 OR=90 HL=89 HR=90
data: Lsrc=STOP Lconf=1.00 Lerr=0.000 Rsrc=STOP Rconf=1.00 Rerr=0.000
---
---
data: L=84.750 R=59.000 OL=88 OR=90 HL=89 HR=90
data: Lsrc=STOP Lconf=1.00 Lerr=0.000 Rsrc=STOP Rconf=1.00 Rerr=0.000
---
---
data: Lsrc=STOP Lconf=1.00 Lerr=0.000 Rsrc=STOP Rconf=1.00 Rerr=0.000
---
data: L=84.750 R=59.000 OL=88 OR=90 HL=89 HR=90
---
data: Lsrc=STOP Lconf=1.00 Lerr=0.000 Rsrc=STOP Rconf=1.00 Rerr=0.000
---
data: L=84.750 R=59.000 OL=88 OR=90 HL=89 HR=90
---
data: L=84.750 R=59.000 OL=88 OR=90 HL=89 HR=90
---
data: Lsrc=STOP Lconf=1.00 Lerr=0.000 Rsrc=STOP Rconf=1.00 Rerr=0.000
---
data: T lin=0.000 ang=0.000 Lpwm=0 Rpwm=0 Lrpm=0 Rrpm=0 Ld=F Rd=F LmA=0.00 RmA=0.00
---
data: Lsrc=STOP Lconf=1.00 Lerr=0.000 Rsrc=STOP Rconf=1.00 Rerr=0.000
---
data: L=84.750 R=59.000 OL=88 OR=90 HL=89 HR=90
---
data: Lsrc=STOP Lconf=1.00 Lerr=0.000 Rsrc=STOP Rconf=1.00 Rerr=0.000
---
data: L=84.750 R=59.000 OL=88 OR=90 HL=89 HR=90
---
data: Lsrc=STOP Lconf=1.00 Lerr=0.000 Rsrc=STOP Rconf=1.00 Rerr=0.000
---
data: L=84.750 R=59.000 OL=88 OR=90 HL=89 HR=90
---
data: L=84.750 R=59.000 OL=88 OR=90 HL=89 HR=90
---
data: Lsrc=STOP Lconf=1.00 Lerr=0.000 Rsrc=STOP Rconf=1.00 Rerr=0.000
---
data: Lsrc=STOP Lconf=1.00 Lerr=0.000 Rsrc=STOP Rconf=1.00 Rerr=0.000
---
data: L=84.750 R=59.000 OL=88 OR=90 HL=89 HR=90
---
data: Lsrc=STOP Lconf=1.00 Lerr=0.000 Rsrc=STOP Rconf=1.00 Rerr=0.000
---
data: L=84.750 R=59.000 OL=88 OR=90 HL=89 HR=90
---
data: L=84.750 R=59.000 OL=88 OR=90 HL=89 HR=90
---
data: Lsrc=STOP Lconf=1.00 Lerr=0.000 Rsrc=STOP Rconf=1.00 Rerr=0.000
---
data: L=84.750 R=59.000 OL=88 OR=90 HL=89 HR=90
---
data: Lsrc=STOP Lconf=1.00 Lerr=0.000 Rsrc=STOP Rconf=1.00 Rerr=0.000
---
!rclpy.ok()
!rclpy.ok()
!rclpy.ok()
