[2m2026-08-26T23:41:10.040119Z[0m [33m WARN[0m ThreadId(14) [2mzenoh::net::runtime::orchestrator[0m[2m:[0m Scouting delay elapsed before start conditions are met.
[2m2026-08-26T23:41:10.204971Z[0m [33m WARN[0m ThreadId(24) [2mzenoh::net::runtime::orchestrator[0m[2m:[0m Scouting delay elapsed before start conditions are met.
[2m2026-08-26T23:41:10.379804Z[0m [33m WARN[0m ThreadId(12) [2mzenoh::net::runtime::orchestrator[0m[2m:[0m Scouting delay elapsed before start conditions are met.
data: Lsrc=STOP Lconf=1.00 Lerr=0.000 Rsrc=STOP Rconf=1.00 Rerr=0.000
---
data: Lsrc=STOP Lconf=1.00 Lerr=0.000 Rsrc=STOP Rconf=1.00 Rerr=0.000
---
data: Lsrc=STOP Lconf=1.00 Lerr=0.000 Rsrc=STOP Rconf=1.00 Rerr=0.000
---
data: Lsrc=STOP Lconf=1.00 Lerr=0.000 Rsrc=STOP Rconf=1.00 Rerr=0.000
---
data: Lsrc=STOP Lconf=1.00 Lerr=0.000 Rsrc=STOP Rconf=1.00 Rerr=0.000
---
data: Lsrc=STOP Lconf=1.00 Lerr=0.000 Rsrc=STOP Rconf=1.00 Rerr=0.000
---
data: L=307.250 R=279.250 OL=0 OR=0 HL=0 HR=0
---
data: L=307.250 R=279.250 OL=0 OR=0 HL=0 HR=0
data: Lsrc=STOP Lconf=1.00 Lerr=0.000 Rsrc=STOP Rconf=1.00 Rerr=0.000
---
---
data: Lsrc=STOP Lconf=1.00 Lerr=0.000 Rsrc=STOP Rconf=1.00 Rerr=0.000
---
data: L=307.250 R=279.250 OL=0 OR=0 HL=0 HR=0
---
data: L=307.250 R=279.250 OL=0 OR=0 HL=0 HR=0
---
data: Lsrc=STOP Lconf=1.00 Lerr=0.000 Rsrc=STOP Rconf=1.00 Rerr=0.000
---
data: Lsrc=STOP Lconf=1.00 Lerr=0.000 Rsrc=STOP Rconf=1.00 Rerr=0.000
data: L=307.250 R=279.250 OL=0 OR=0 HL=0 HR=0
---
---
data: Lsrc=STOP Lconf=1.00 Lerr=0.000 Rsrc=STOP Rconf=1.00 Rerr=0.000
---
data: L=307.250 R=279.250 OL=0 OR=0 HL=0 HR=0
---
data: L=307.250 R=279.250 OL=0 OR=0 HL=0 HR=0
data: Lsrc=STOP Lconf=1.00 Lerr=0.000 Rsrc=STOP Rconf=1.00 Rerr=0.000
---
---
data: Lsrc=STOP Lconf=1.00 Lerr=0.000 Rsrc=STOP Rconf=1.00 Rerr=0.000
---
data: L=307.250 R=279.250 OL=0 OR=0 HL=0 HR=0
---
data: L=307.250 R=279.250 OL=0 OR=0 HL=0 HR=0
data: Lsrc=STOP Lconf=1.00 Lerr=0.000 Rsrc=STOP Rconf=1.00 Rerr=0.000
---
---
data: L=307.250 R=279.250 OL=0 OR=0 HL=0 HR=0
---
data: Lsrc=STOP Lconf=1.00 Lerr=0.000 Rsrc=STOP Rconf=1.00 Rerr=0.000
---
data: Lsrc=STOP Lconf=1.00 Lerr=0.000 Rsrc=STOP Rconf=1.00 Rerr=0.000
---
data: L=307.250 R=279.250 OL=0 OR=0 HL=0 HR=0
---
data: L=307.250 R=279.250 OL=0 OR=0 HL=0 HR=0
---
data: Lsrc=STOP Lconf=1.00 Lerr=0.000 Rsrc=STOP Rconf=1.00 Rerr=0.000
---
data: Lsrc=STOP Lconf=1.00 Lerr=0.000 Rsrc=STOP Rconf=1.00 Rerr=0.000
data: L=307.250 R=279.250 OL=0 OR=0 HL=0 HR=0
---
---
data: L=307.250 R=279.250 OL=0 OR=0 HL=0 HR=0
---
data: Lsrc=STOP Lconf=1.00 Lerr=0.000 Rsrc=STOP Rconf=1.00 Rerr=0.000
---
data: L=307.250 R=279.250 OL=0 OR=0 HL=0 HR=0
data: Lsrc=STOP Lconf=1.00 Lerr=0.000 Rsrc=STOP Rconf=1.00 Rerr=0.000
---
---
data: L=307.250 R=279.250 OL=0 OR=0 HL=0 HR=0
---
data: Lsrc=STOP Lconf=1.00 Lerr=0.000 Rsrc=STOP Rconf=1.00 Rerr=0.000
---
data: Lsrc=STOP Lconf=1.00 Lerr=0.000 Rsrc=STOP Rconf=1.00 Rerr=0.000
data: L=307.250 R=279.250 OL=0 OR=0 HL=0 HR=0
---
---
data: Lsrc=STOP Lconf=1.00 Lerr=0.000 Rsrc=STOP Rconf=1.00 Rerr=0.000
---
data: L=307.250 R=279.250 OL=0 OR=0 HL=0 HR=0
---
data: L=307.250 R=279.250 OL=0 OR=0 HL=0 HR=0
---
data: Lsrc=STOP Lconf=1.00 Lerr=0.000 Rsrc=STOP Rconf=1.00 Rerr=0.000
---
data: Lsrc=STOP Lconf=1.00 Lerr=0.000 Rsrc=STOP Rconf=1.00 Rerr=0.000
---
data: L=307.250 R=279.250 OL=0 OR=0 HL=0 HR=0
---
data: Lsrc=STOP Lconf=1.00 Lerr=0.000 Rsrc=STOP Rconf=1.00 Rerr=0.000
---
data: L=307.250 R=279.250 OL=0 OR=0 HL=0 HR=0
---
data: L=307.250 R=279.250 OL=0 OR=0 HL=0 HR=0
data: Lsrc=STOP Lconf=1.00 Lerr=0.000 Rsrc=STOP Rconf=1.00 Rerr=0.000
---
---
data: Lsrc=STOP Lconf=1.00 Lerr=0.000 Rsrc=STOP Rconf=1.00 Rerr=0.000
---
data: L=307.250 R=279.250 OL=0 OR=0 HL=0 HR=0
---
data: L=307.250 R=279.250 OL=0 OR=0 HL=0 HR=0
---
data: Lsrc=STOP Lconf=1.00 Lerr=0.000 Rsrc=STOP Rconf=1.00 Rerr=0.000
---
data: Lsrc=STOP Lconf=1.00 Lerr=0.000 Rsrc=STOP Rconf=1.00 Rerr=0.000
---
data: L=307.250 R=279.250 OL=0 OR=0 HL=0 HR=0
---
data: L=307.250 R=279.250 OL=0 OR=0 HL=0 HR=0
---
data: Lsrc=STOP Lconf=1.00 Lerr=0.000 Rsrc=STOP Rconf=1.00 Rerr=0.000
---
data: T lin=0.100 ang=0.000 hcw=0.000 hce=0.0 gyr=0.00071 gyz=0.000 Lpwm=17 Rpwm=17 Lrpm=0 Rrpm=0 Lfrpm=0 Rfrpm=0 Lfs=H Rfs=H Ltrpm=7....
---
data: Lsrc=HALL_WAIT Lconf=0.25 Lerr=-1.000 Rsrc=HALL_WAIT Rconf=0.25 Rerr=-1.000
---
data: L=307.250 R=279.250 OL=1 OR=0 HL=0 HR=0
---
data: Lsrc=HALL_OPTO_FUSED Lconf=1.00 Lerr=0.000 Rsrc=HALL_WAIT Rconf=0.25 Rerr=-1.000
---
data: L=307.750 R=279.250 OL=1 OR=1 HL=1 HR=0
---
data: T lin=0.100 ang=0.000 hcw=0.000 hce=0.0 gyr=0.00041 gyz=0.000 Lpwm=17 Rpwm=17 Lrpm=0 Rrpm=0 Lfrpm=0 Rfrpm=0 Lfs=H Rfs=H Ltrpm=7....
---
data: Lsrc=HALL_PRIMARY_OPTO_WARN Lconf=0.60 Lerr=0.333 Rsrc=HALL_OPTO_FUSED Rconf=1.00 Rerr=0.000
---
data: L=309.750 R=280.750 OL=2 OR=2 HL=3 HR=2
---
data: L=311.250 R=281.750 OL=4 OR=4 HL=4 HR=3
data: Lsrc=HALL_OPTO_FUSED Lconf=1.00 Lerr=0.000 Rsrc=HALL_PRIMARY_OPTO_WARN Rconf=0.60 Rerr=0.333
---
---
data: T lin=0.100 ang=0.000 hcw=0.000 hce=0.0 gyr=-0.00018 gyz=0.000 Lpwm=17 Rpwm=17 Lrpm=39 Rrpm=32 Lfrpm=0 Rfrpm=0 Lfs=H Rfs=H Ltrpm...
---
data: Lsrc=HALL_PRIMARY_OPTO_WARN Lconf=0.60 Lerr=0.167 Rsrc=HALL_OPTO_FUSED Rconf=1.00 Rerr=0.000
---
data: L=313.250 R=283.250 OL=5 OR=5 HL=6 HR=5
---
data: L=314.750 R=284.250 OL=7 OR=7 HL=7 HR=6
data: Lsrc=HALL_OPTO_FUSED Lconf=1.00 Lerr=0.000 Rsrc=HALL_PRIMARY_OPTO_WARN Rconf=0.60 Rerr=0.167
---
---
data: T lin=0.100 ang=0.000 hcw=0.000 hce=0.0 gyr=0.00014 gyz=0.000 Lpwm=17 Rpwm=17 Lrpm=39 Rrpm=35 Lfrpm=39 Rfrpm=32 Lfs=F Rfs=H Ltrp...
---
data: Lsrc=HALL_OPTO_DEGRADED Lconf=0.80 Lerr=0.111 Rsrc=HALL_OPTO_FUSED Rconf=1.00 Rerr=0.000
data: L=316.500 R=285.750 OL=8 OR=8 HL=9 HR=8
---
---
data: Lsrc=HALL_OPTO_FUSED Lconf=1.00 Lerr=0.000 Rsrc=HALL_OPTO_FUSED Rconf=1.00 Rerr=0.000
---
data: L=318.000 R=286.750 OL=10 OR=9 HL=10 HR=9
---
data: T lin=0.100 ang=0.000 hcw=0.000 hce=0.0 gyr=-0.00020 gyz=0.000 Lpwm=10 Rpwm=10 Lrpm=39 Rrpm=37 Lfrpm=39 Rfrpm=37 Lfs=F Rfs=F Ltr...
---
data: L=319.000 R=287.750 OL=11 OR=10 HL=11 HR=10
data: Lsrc=HALL_OPTO_FUSED Lconf=1.00 Lerr=0.000 Rsrc=HALL_OPTO_FUSED Rconf=1.00 Rerr=0.000
---
---
data: L=319.750 R=288.750 OL=11 OR=11 HL=12 HR=11
---
data: Lsrc=HALL_OPTO_DEGRADED Lconf=0.80 Lerr=0.083 Rsrc=HALL_OPTO_FUSED Rconf=1.00 Rerr=0.000
---
data: T lin=0.100 ang=0.000 hcw=0.000 hce=0.0 gyr=0.00044 gyz=0.000 Lpwm=0 Rpwm=0 Lrpm=39 Rrpm=36 Lfrpm=39 Rfrpm=37 Lfs=F Rfs=H Ltrpm=...
---
data: Lsrc=HALL_OPTO_DEGRADED Lconf=0.80 Lerr=0.083 Rsrc=HALL_OPTO_DEGRADED Rconf=0.80 Rerr=0.083
---
data: L=320.000 R=289.500 OL=12 OR=11 HL=12 HR=12
---
data: Lsrc=HALL_OPTO_FUSED Lconf=1.00 Lerr=0.000 Rsrc=HALL_PRIMARY_OPTO_WARN Rconf=0.60 Rerr=0.154
---
data: L=321.000 R=290.500 OL=13 OR=12 HL=13 HR=13
---
data: T lin=0.100 ang=0.000 hcw=0.000 hce=0.0 gyr=0.00011 gyz=0.000 Lpwm=10 Rpwm=10 Lrpm=33 Rrpm=32 Lfrpm=39 Rfrpm=36 Lfs=H Rfs=H Ltrp...
---
data: Lsrc=HALL_OPTO_DEGRADED Lconf=0.80 Lerr=0.100 Rsrc=HALL_OPTO_FUSED Rconf=1.00 Rerr=0.000
---
data: L=321.000 R=291.000 OL=13 OR=13 HL=13 HR=13
---
data: L=322.000 R=292.000 OL=14 OR=13 HL=14 HR=14
---
data: Lsrc=HALL_OPTO_FUSED Lconf=1.00 Lerr=0.000 Rsrc=HALL_PRIMARY_OPTO_WARN Rconf=0.60 Rerr=0.182
---
data: T lin=0.100 ang=0.000 hcw=0.000 hce=0.0 gyr=0.00058 gyz=0.000 Lpwm=0 Rpwm=0 Lrpm=27 Rrpm=27 Lfrpm=0 Rfrpm=0 Lfs=H Rfs=H Ltrpm=7....
---
data: Lsrc=HALL_PRIMARY_OPTO_WARN Lconf=0.60 Lerr=0.125 Rsrc=HALL_OPTO_FUSED Rconf=1.00 Rerr=0.000
---
data: L=322.000 R=292.500 OL=14 OR=14 HL=14 HR=14
---
data: Lsrc=HALL_OPTO_FUSED Lconf=1.00 Lerr=0.000 Rsrc=HALL_PRIMARY_OPTO_WARN Rconf=0.60 Rerr=0.222
---
data: L=322.000 R=293.500 OL=14 OR=14 HL=14 HR=15
---
data: T lin=0.100 ang=0.000 hcw=0.000 hce=0.0 gyr=-0.00015 gyz=0.000 Lpwm=10 Rpwm=10 Lrpm=23 Rrpm=24 Lfrpm=27 Rfrpm=27 Lfs=H Rfs=H Ltr...
---
data: Lsrc=HALL_PRIMARY_OPTO_WARN Lconf=0.60 Lerr=0.167 Rsrc=HALL_OPTO_FUSED Rconf=1.00 Rerr=0.000
---
data: L=323.000 R=294.000 OL=15 OR=15 HL=15 HR=15
---
data: L=323.000 R=295.000 OL=15 OR=15 HL=15 HR=16
---
data: Lsrc=HALL_OPTO_FUSED Lconf=1.00 Lerr=0.000 Rsrc=HALL_PRIMARY_OPTO_WARN Rconf=0.60 Rerr=0.143
---
data: T lin=0.100 ang=0.000 hcw=0.000 hce=0.0 gyr=-0.00030 gyz=0.000 Lpwm=0 Rpwm=0 Lrpm=17 Rrpm=19 Lfrpm=0 Rfrpm=0 Lfs=H Rfs=H Ltrpm=7...
---
data: L=323.000 R=295.000 OL=15 OR=15 HL=15 HR=16
---
data: Lsrc=HALL_OPTO_FUSED Lconf=1.00 Lerr=0.000 Rsrc=HALL_PRIMARY_OPTO_WARN Rconf=0.60 Rerr=0.167
---
data: Lsrc=HALL_PRIMARY_OPTO_WARN Lconf=0.60 Lerr=0.333 Rsrc=HALL_OPTO_FUSED Rconf=1.00 Rerr=0.000
---
data: L=323.000 R=295.500 OL=15 OR=16 HL=15 HR=16
---
data: T lin=0.100 ang=0.000 hcw=0.000 hce=0.0 gyr=0.00057 gyz=0.000 Lpwm=10 Rpwm=10 Lrpm=14 Rrpm=18 Lfrpm=17 Rfrpm=19 Lfs=H Rfs=H Ltrp...
---
data: L=324.000 R=296.000 OL=16 OR=16 HL=16 HR=17
---
data: Lsrc=HALL_OPTO_FUSED Lconf=1.00 Lerr=0.000 Rsrc=HALL_OPTO_FUSED Rconf=1.00 Rerr=0.000
---
data: Lsrc=HALL_OPTO_FUSED Lconf=1.00 Lerr=0.000 Rsrc=HALL_PRIMARY_OPTO_WARN Rconf=0.60 Rerr=0.250
---
data: L=324.000 R=296.000 OL=16 OR=17 HL=16 HR=17
---
data: T lin=0.100 ang=0.000 hcw=0.000 hce=0.0 gyr=0.00071 gyz=0.000 Lpwm=0 Rpwm=0 Lrpm=12 Rrpm=15 Lfrpm=0 Rfrpm=0 Lfs=H Rfs=H Ltrpm=7....
---
data: Lsrc=HALL_OPTO_FUSED Lconf=1.00 Lerr=0.000 Rsrc=HALL_PRIMARY_OPTO_WARN Rconf=0.60 Rerr=0.200
---
data: L=324.000 R=297.000 OL=16 OR=17 HL=16 HR=18
---
data: L=325.000 R=297.000 OL=16 OR=17 HL=17 HR=18
---
data: Lsrc=HALL_PRIMARY_OPTO_WARN Lconf=0.60 Lerr=0.333 Rsrc=HALL_OPTO_FUSED Rconf=1.00 Rerr=0.000
---
data: T lin=0.100 ang=0.000 hcw=0.000 hce=0.0 gyr=-0.00019 gyz=0.000 Lpwm=10 Rpwm=10 Lrpm=10 Rrpm=14 Lfrpm=12 Rfrpm=15 Lfs=H Rfs=H Ltr...
---
data: Lsrc=HALL_OPTO_FUSED Lconf=1.00 Lerr=0.000 Rsrc=HALL_PRIMARY_OPTO_WARN Rconf=0.60 Rerr=0.200
---
data: L=325.500 R=298.000 OL=17 OR=18 HL=17 HR=19
---
data: L=326.500 R=298.000 OL=17 OR=18 HL=18 HR=19
---
data: Lsrc=HALL_PRIMARY_OPTO_WARN Lconf=0.60 Lerr=0.250 Rsrc=HALL_OPTO_FUSED Rconf=1.00 Rerr=0.000
---
data: T lin=0.100 ang=0.000 hcw=0.000 hce=0.0 gyr=0.00030 gyz=0.000 Lpwm=10 Rpwm=0 Lrpm=9 Rrpm=13 Lfrpm=10 Rfrpm=14 Lfs=H Rfs=H Ltrpm=...
---
data: Lsrc=HALL_OPTO_FUSED Lconf=1.00 Lerr=0.000 Rsrc=HALL_OPTO_FUSED Rconf=1.00 Rerr=0.000
---
data: L=327.000 R=298.500 OL=18 OR=19 HL=18 HR=19
---
data: L=327.000 R=298.500 OL=18 OR=19 HL=18 HR=19
---
data: Lsrc=HALL_OPTO_FUSED Lconf=1.00 Lerr=0.000 Rsrc=HALL_PRIMARY_OPTO_WARN Rconf=0.60 Rerr=0.333
---
data: T lin=0.100 ang=0.000 hcw=0.000 hce=0.0 gyr=-0.00090 gyz=0.000 Lpwm=10 Rpwm=0 Lrpm=10 Rrpm=11 Lfrpm=9 Rfrpm=13 Lfs=H Rfs=F Ltrpm...
---
data: Lsrc=HALL_OPTO_FUSED Lconf=1.00 Lerr=0.000 Rsrc=HALL_PRIMARY_OPTO_WARN Rconf=0.60 Rerr=0.333
---
data: L=327.000 R=298.500 OL=18 OR=19 HL=18 HR=19
---
data: Lsrc=HALL_OPTO_FUSED Lconf=1.00 Lerr=0.000 Rsrc=HALL_OPTO_FUSED Rconf=1.00 Rerr=0.000
---
data: L=328.000 R=298.500 OL=19 OR=19 HL=19 HR=19
---
data: T lin=0.100 ang=0.000 hcw=0.000 hce=0.0 gyr=-0.00083 gyz=0.000 Lpwm=0 Rpwm=0 Lrpm=9 Rrpm=11 Lfrpm=10 Rfrpm=11 Lfs=H Rfs=H Ltrpm=...
---
data: Lsrc=HALL_PRIMARY_OPTO_WARN Lconf=0.60 Lerr=0.250 Rsrc=HALL_OPTO_FUSED Rconf=1.00 Rerr=0.000
---
data: L=329.000 R=299.000 OL=19 OR=19 HL=20 HR=20
---
data: Lsrc=HALL_OPTO_FUSED Lconf=1.00 Lerr=0.000 Rsrc=HALL_PRIMARY_OPTO_WARN Rconf=0.60 Rerr=0.333
---
data: L=329.500 R=299.000 OL=20 OR=19 HL=20 HR=20
---
data: T lin=0.100 ang=0.000 hcw=0.000 hce=0.0 gyr=0.00077 gyz=0.000 Lpwm=10 Rpwm=0 Lrpm=11 Rrpm=9 Lfrpm=9 Rfrpm=11 Lfs=H Rfs=H Ltrpm=7...
---
data: L=329.500 R=299.000 OL=20 OR=20 HL=20 HR=20
---
data: Lsrc=HALL_OPTO_FUSED Lconf=1.00 Lerr=0.000 Rsrc=HALL_PRIMARY_OPTO_WARN Rconf=0.60 Rerr=0.500
---
data: Lsrc=HALL_PRIMARY_OPTO_WARN Lconf=0.60 Lerr=0.250 Rsrc=HALL_OPTO_FUSED Rconf=1.00 Rerr=0.000
data: L=330.500 R=299.500 OL=21 OR=20 HL=21 HR=21
---
---
data: T lin=0.100 ang=0.000 hcw=0.000 hce=0.0 gyr=-0.00026 gyz=0.000 Lpwm=10 Rpwm=0 Lrpm=11 Rrpm=8 Lfrpm=11 Rfrpm=9 Lfs=H Rfs=H Ltrpm=...
---
data: Lsrc=HALL_OPTO_FUSED Lconf=1.00 Lerr=0.000 Rsrc=HALL_PRIMARY_OPTO_WARN Rconf=0.60 Rerr=0.500
---
data: L=330.500 R=299.500 OL=21 OR=21 HL=21 HR=21
---
data: Lsrc=HALL_PRIMARY_OPTO_WARN Lconf=0.60 Lerr=0.250 Rsrc=HALL_PRIMARY_OPTO_WARN Rconf=0.60 Rerr=0.500
---
data: L=331.500 R=299.500 OL=22 OR=21 HL=22 HR=21
---
data: T lin=0.100 ang=0.000 hcw=0.000 hce=0.0 gyr=-0.00051 gyz=0.000 Lpwm=0 Rpwm=10 Lrpm=11 Rrpm=8 Lfrpm=11 Rfrpm=8 Lfs=H Rfs=H Ltrpm=...
---
data: Lsrc=HALL_OPTO_FUSED Lconf=1.00 Lerr=0.000 Rsrc=HALL_PRIMARY_OPTO_WARN Rconf=0.60 Rerr=0.333
---
data: L=331.500 R=300.500 OL=22 OR=21 HL=22 HR=22
---
data: Lsrc=HALL_OPTO_FUSED Lconf=1.00 Lerr=0.000 Rsrc=HALL_PRIMARY_OPTO_WARN Rconf=0.60 Rerr=0.250
---
data: L=332.500 R=301.500 OL=23 OR=22 HL=23 HR=23
---
data: T lin=0.100 ang=0.000 hcw=0.000 hce=0.0 gyr=-0.00029 gyz=0.000 Lpwm=10 Rpwm=10 Lrpm=12 Rrpm=8 Lfrpm=11 Rfrpm=8 Lfs=H Rfs=H Ltrpm...
---
data: Lsrc=HALL_OPTO_FUSED Lconf=1.00 Lerr=0.000 Rsrc=HALL_OPTO_FUSED Rconf=1.00 Rerr=0.000
data: L=332.500 R=302.000 OL=23 OR=23 HL=23 HR=23
---
---
data: L=333.500 R=303.000 OL=24 OR=23 HL=24 HR=24
---
data: Lsrc=HALL_OPTO_FUSED Lconf=1.00 Lerr=0.000 Rsrc=HALL_PRIMARY_OPTO_WARN Rconf=0.60 Rerr=0.200
---
data: T lin=0.100 ang=0.000 hcw=0.000 hce=0.0 gyr=0.00004 gyz=0.000 Lpwm=10 Rpwm=10 Lrpm=12 Rrpm=12 Lfrpm=13 Rfrpm=8 Lfs=F Rfs=H Ltrpm...
---
data: L=333.500 R=303.000 OL=24 OR=24 HL=24 HR=24
---
data: Lsrc=HALL_PRIMARY_OPTO_WARN Lconf=0.60 Lerr=0.250 Rsrc=HALL_PRIMARY_OPTO_WARN Rconf=0.60 Rerr=0.250
---
data: Lsrc=HALL_OPTO_FUSED Lconf=1.00 Lerr=0.000 Rsrc=HALL_OPTO_FUSED Rconf=1.00 Rerr=0.000
---
data: L=334.500 R=303.500 OL=25 OR=24 HL=25 HR=25
---
data: T lin=0.100 ang=0.000 hcw=0.000 hce=0.0 gyr=-0.00111 gyz=0.000 Lpwm=10 Rpwm=10 Lrpm=12 Rrpm=13 Lfrpm=12 Rfrpm=12 Lfs=F Rfs=F Ltr...
---
data: L=334.500 R=304.500 OL=25 OR=25 HL=25 HR=26
---
data: Lsrc=HALL_OPTO_FUSED Lconf=1.00 Lerr=0.000 Rsrc=HALL_PRIMARY_OPTO_WARN Rconf=0.60 Rerr=0.167
---
data: Lsrc=HALL_PRIMARY_OPTO_WARN Lconf=0.60 Lerr=0.200 Rsrc=HALL_PRIMARY_OPTO_WARN Rconf=0.60 Rerr=0.200
---
data: L=335.500 R=304.500 OL=25 OR=26 HL=26 HR=26
---
data: T lin=0.100 ang=0.000 hcw=0.000 hce=0.0 gyr=-0.00112 gyz=0.000 Lpwm=0 Rpwm=10 Lrpm=12 Rrpm=14 Lfrpm=13 Rfrpm=13 Lfs=F Rfs=F Ltrp...
---
data: Lsrc=HALL_PRIMARY_OPTO_WARN Lconf=0.60 Lerr=0.200 Rsrc=HALL_PRIMARY_OPTO_WARN Rconf=0.60 Rerr=0.167
---
data: L=335.500 R=305.500 OL=25 OR=26 HL=26 HR=27
---
data: L=336.000 R=306.000 OL=26 OR=27 HL=26 HR=27
---
data: Lsrc=HALL_OPTO_FUSED Lconf=1.00 Lerr=0.000 Rsrc=HALL_OPTO_FUSED Rconf=1.00 Rerr=0.000
---
data: T lin=0.100 ang=0.000 hcw=0.000 hce=0.0 gyr=0.00017 gyz=0.000 Lpwm=0 Rpwm=10 Lrpm=11 Rrpm=15 Lfrpm=13 Rfrpm=13 Lfs=F Rfs=F Ltrpm...
---
data: Lsrc=HALL_OPTO_FUSED Lconf=1.00 Lerr=0.000 Rsrc=HALL_OPTO_FUSED Rconf=1.00 Rerr=0.000
---
data: L=336.000 R=306.500 OL=26 OR=27 HL=26 HR=28
---
data: L=336.000 R=306.500 OL=26 OR=28 HL=26 HR=28
data: Lsrc=HALL_OPTO_FUSED Lconf=1.00 Lerr=0.000 Rsrc=HALL_PRIMARY_OPTO_WARN Rconf=0.60 Rerr=0.200
---
---
data: T lin=0.100 ang=0.000 hcw=0.000 hce=0.0 gyr=-0.00061 gyz=0.000 Lpwm=0 Rpwm=0 Lrpm=11 Rrpm=13 Lfrpm=11 Rfrpm=15 Lfs=H Rfs=H Ltrpm...
---
data: L=337.000 R=306.500 OL=27 OR=28 HL=27 HR=28
---
data: Lsrc=HALL_OPTO_FUSED Lconf=1.00 Lerr=0.000 Rsrc=HALL_OPTO_FUSED Rconf=1.00 Rerr=0.000
---
data: L=337.000 R=306.500 OL=27 OR=28 HL=27 HR=28
---
data: Lsrc=HALL_OPTO_FUSED Lconf=1.00 Lerr=0.000 Rsrc=HALL_PRIMARY_OPTO_WARN Rconf=0.60 Rerr=0.250
---
data: T lin=0.100 ang=0.000 hcw=0.000 hce=0.0 gyr=-0.00189 gyz=0.000 Lpwm=10 Rpwm=10 Lrpm=9 Rrpm=12 Lfrpm=11 Rfrpm=13 Lfs=H Rfs=F Ltrp...
---
data: L=337.000 R=306.500 OL=28 OR=28 HL=27 HR=28
---
data: Lsrc=HALL_PRIMARY_OPTO_WARN Lconf=0.60 Lerr=0.333 Rsrc=HALL_OPTO_FUSED Rconf=1.00 Rerr=0.000
---
data: Lsrc=HALL_PRIMARY_OPTO_WARN Lconf=0.60 Lerr=0.500 Rsrc=HALL_OPTO_FUSED Rconf=1.00 Rerr=0.000
---
data: L=337.000 R=307.000 OL=28 OR=28 HL=27 HR=29
---
data: T lin=0.100 ang=0.000 hcw=0.000 hce=0.0 gyr=0.00017 gyz=0.000 Lpwm=0 Rpwm=0 Lrpm=8 Rrpm=12 Lfrpm=9 Rfrpm=12 Lfs=H Rfs=H Ltrpm=7....
---
data: Lsrc=HALL_PRIMARY_OPTO_WARN Lconf=0.60 Lerr=0.333 Rsrc=HALL_OPTO_FUSED Rconf=1.00 Rerr=0.000
---
data: L=338.000 R=307.000 OL=29 OR=28 HL=28 HR=29
---
data: Lsrc=HALL_PRIMARY_OPTO_WARN Lconf=0.60 Lerr=1.000 Rsrc=HALL_PRIMARY_OPTO_WARN Rconf=0.60 Rerr=0.333
---
data: L=338.000 R=307.000 OL=29 OR=28 HL=28 HR=29
---
data: T lin=0.100 ang=0.000 hcw=0.000 hce=0.0 gyr=-0.00049 gyz=0.000 Lpwm=10 Rpwm=10 Lrpm=7 Rrpm=9 Lfrpm=8 Rfrpm=12 Lfs=H Rfs=H Ltrpm=...
---
data: L=339.000 R=307.000 OL=30 OR=29 HL=29 HR=29
---
data: Lsrc=HALL_PRIMARY_OPTO_WARN Lconf=0.60 Lerr=0.667 Rsrc=HALL_PRIMARY_OPTO_WARN Rconf=0.60 Rerr=0.500
---
data: L=339.500 R=307.000 OL=30 OR=29 HL=30 HR=29
---
data: Lsrc=HALL_OPTO_FUSED Lconf=1.00 Lerr=0.000 Rsrc=HALL_OPTO_FUSED Rconf=1.00 Rerr=0.000
---
data: T lin=0.100 ang=0.000 hcw=0.000 hce=0.0 gyr=0.00193 gyz=0.000 Lpwm=10 Rpwm=10 Lrpm=9 Rrpm=8 Lfrpm=7 Rfrpm=9 Lfs=H Rfs=H Ltrpm=7....
---
data: L=339.500 R=307.500 OL=31 OR=29 HL=30 HR=30
---
data: Lsrc=HALL_PRIMARY_OPTO_WARN Lconf=0.60 Lerr=0.250 Rsrc=HALL_OPTO_FUSED Rconf=1.00 Rerr=0.000
---
data: Lsrc=HALL_PRIMARY_OPTO_WARN Lconf=0.60 Lerr=0.200 Rsrc=HALL_OPTO_FUSED Rconf=1.00 Rerr=0.000
---
data: L=340.500 R=308.000 OL=32 OR=30 HL=31 HR=30
---
data: T lin=0.100 ang=0.000 hcw=0.000 hce=0.0 gyr=0.00036 gyz=0.000 Lpwm=10 Rpwm=0 Lrpm=12 Rrpm=7 Lfrpm=9 Rfrpm=8 Lfs=H Rfs=H Ltrpm=7....
---
data: Lsrc=HALL_PRIMARY_OPTO_WARN Lconf=0.60 Lerr=0.200 Rsrc=HALL_PRIMARY_OPTO_WARN Rconf=0.60 Rerr=0.333
data: L=341.500 R=309.000 OL=33 OR=30 HL=32 HR=31
---
---
data: L=341.500 R=309.500 OL=33 OR=31 HL=32 HR=31
---
data: Lsrc=HALL_PRIMARY_OPTO_WARN Lconf=0.60 Lerr=0.200 Rsrc=HALL_OPTO_FUSED Rconf=1.00 Rerr=0.000
---
data: T lin=0.100 ang=0.000 hcw=0.000 hce=0.0 gyr=-0.00055 gyz=0.000 Lpwm=10 Rpwm=10 Lrpm=15 Rrpm=9 Lfrpm=12 Rfrpm=7 Lfs=H Rfs=H Ltrpm...
---
data: Lsrc=HALL_OPTO_FUSED Lconf=1.00 Lerr=0.000 Rsrc=HALL_PRIMARY_OPTO_WARN Rconf=0.60 Rerr=0.250
---
data: L=342.500 R=310.500 OL=34 OR=31 HL=33 HR=32
---
data: Lsrc=HALL_PRIMARY_OPTO_WARN Lconf=0.60 Lerr=0.143 Rsrc=HALL_OPTO_FUSED Rconf=1.00 Rerr=0.000
---
data: L=343.500 R=311.500 OL=34 OR=32 HL=34 HR=33
---
data: T lin=0.100 ang=0.000 hcw=0.000 hce=0.0 gyr=-0.00003 gyz=0.000 Lpwm=0 Rpwm=10 Lrpm=15 Rrpm=10 Lfrpm=15 Rfrpm=9 Lfs=H Rfs=H Ltrpm...
---
data: L=344.000 R=311.500 OL=35 OR=33 HL=34 HR=33
---
data: Lsrc=HALL_OPTO_FUSED Lconf=1.00 Lerr=0.000 Rsrc=HALL_PRIMARY_OPTO_WARN Rconf=0.60 Rerr=0.250
---
data: Lsrc=HALL_OPTO_FUSED Lconf=1.00 Lerr=0.000 Rsrc=HALL_OPTO_FUSED Rconf=1.00 Rerr=0.000
---
data: L=344.000 R=312.000 OL=35 OR=33 HL=34 HR=34
---
data: T lin=0.100 ang=0.000 hcw=0.000 hce=0.0 gyr=-0.00036 gyz=0.000 Lpwm=0 Rpwm=0 Lrpm=15 Rrpm=13 Lfrpm=15 Rfrpm=10 Lfs=H Rfs=H Ltrpm...
---
data: Lsrc=HALL_OPTO_FUSED Lconf=1.00 Lerr=0.000 Rsrc=HALL_PRIMARY_OPTO_WARN Rconf=0.60 Rerr=0.167
---
data: L=344.000 R=313.000 OL=35 OR=34 HL=34 HR=35
---
data: L=344.500 R=313.500 OL=35 OR=35 HL=35 HR=35
---
data: Lsrc=HALL_OPTO_FUSED Lconf=1.00 Lerr=0.000 Rsrc=HALL_OPTO_FUSED Rconf=1.00 Rerr=0.000
---
data: T lin=0.100 ang=0.000 hcw=0.000 hce=0.0 gyr=-0.00034 gyz=0.000 Lpwm=0 Rpwm=10 Lrpm=12 Rrpm=14 Lfrpm=15 Rfrpm=13 Lfs=H Rfs=F Ltrp...
---
data: L=345.000 R=314.000 OL=36 OR=35 HL=35 HR=36
---
data: Lsrc=HALL_OPTO_FUSED Lconf=1.00 Lerr=0.000 Rsrc=HALL_OPTO_FUSED Rconf=1.00 Rerr=0.000
---
data: L=345.000 R=314.500 OL=36 OR=36 HL=35 HR=36
---
data: Lsrc=HALL_OPTO_FUSED Lconf=1.00 Lerr=0.000 Rsrc=HALL_OPTO_FUSED Rconf=1.00 Rerr=0.000
---
data: T lin=0.100 ang=0.000 hcw=0.000 hce=0.0 gyr=0.00012 gyz=0.000 Lpwm=0 Rpwm=10 Lrpm=10 Rrpm=14 Lfrpm=13 Rfrpm=13 Lfs=F Rfs=F Ltrpm...
---
data: L=345.000 R=315.000 OL=36 OR=36 HL=35 HR=37
---
data: Lsrc=HALL_OPTO_FUSED Lconf=1.00 Lerr=0.000 Rsrc=HALL_OPTO_FUSED Rconf=1.00 Rerr=0.000
---
data: Lsrc=HALL_OPTO_FUSED Lconf=1.00 Lerr=0.000 Rsrc=HALL_PRIMARY_OPTO_WARN Rconf=0.60 Rerr=0.167
---
data: L=345.000 R=315.000 OL=36 OR=36 HL=35 HR=37
---
data: T lin=0.100 ang=0.000 hcw=0.000 hce=0.0 gyr=-0.00053 gyz=0.000 Lpwm=10 Rpwm=0 Lrpm=9 Rrpm=13 Lfrpm=10 Rfrpm=13 Lfs=H Rfs=F Ltrpm...
---
data: L=345.000 R=315.000 OL=36 OR=37 HL=35 HR=37
---
data: Lsrc=HALL_OPTO_FUSED Lconf=1.00 Lerr=0.000 Rsrc=HALL_PRIMARY_OPTO_WARN Rconf=0.60 Rerr=0.200
---
data: Lsrc=HALL_OPTO_FUSED Lconf=1.00 Lerr=0.000 Rsrc=HALL_PRIMARY_OPTO_WARN Rconf=0.60 Rerr=0.250
---
data: L=345.500 R=315.000 OL=36 OR=37 HL=36 HR=37
---
data: T lin=0.100 ang=0.000 hcw=0.000 hce=0.0 gyr=-0.00020 gyz=0.000 Lpwm=10 Rpwm=0 Lrpm=8 Rrpm=13 Lfrpm=9 Rfrpm=13 Lfs=H Rfs=F Ltrpm=...
---
data: Lsrc=HALL_OPTO_FUSED Lconf=1.00 Lerr=0.000 Rsrc=HALL_PRIMARY_OPTO_WARN Rconf=0.60 Rerr=0.200
---
data: L=346.000 R=316.000 OL=37 OR=37 HL=36 HR=38
---
data: L=346.000 R=316.000 OL=37 OR=37 HL=36 HR=38
---
data: Lsrc=HALL_OPTO_FUSED Lconf=1.00 Lerr=0.000 Rsrc=HALL_OPTO_FUSED Rconf=1.00 Rerr=0.000
---
data: T lin=0.100 ang=0.000 hcw=0.000 hce=0.0 gyr=-0.00084 gyz=0.000 Lpwm=10 Rpwm=10 Lrpm=7 Rrpm=11 Lfrpm=8 Rfrpm=13 Lfs=H Rfs=H Ltrpm...
---
data: L=347.000 R=316.000 OL=38 OR=37 HL=37 HR=38
data: Lsrc=HALL_OPTO_FUSED Lconf=1.00 Lerr=0.000 Rsrc=HALL_OPTO_FUSED Rconf=1.00 Rerr=0.000
---
---
data: L=348.000 R=316.500 OL=39 OR=38 HL=38 HR=38
---
data: Lsrc=HALL_PRIMARY_OPTO_WARN Lconf=0.60 Lerr=0.333 Rsrc=HALL_OPTO_FUSED Rconf=1.00 Rerr=0.000
---
data: T lin=0.100 ang=0.000 hcw=0.000 hce=0.0 gyr=-0.00145 gyz=0.000 Lpwm=10 Rpwm=0 Lrpm=11 Rrpm=10 Lfrpm=7 Rfrpm=11 Lfs=H Rfs=H Ltrpm...
---
data: L=348.000 R=316.500 OL=39 OR=38 HL=38 HR=38
---
data: Lsrc=HALL_OPTO_FUSED Lconf=1.00 Lerr=0.000 Rsrc=HALL_PRIMARY_OPTO_WARN Rconf=0.60 Rerr=0.500
---
data: Lsrc=HALL_OPTO_FUSED Lconf=1.00 Lerr=0.000 Rsrc=HALL_OPTO_FUSED Rconf=1.00 Rerr=0.000
---
data: L=349.000 R=316.500 OL=40 OR=38 HL=39 HR=38
---
data: T lin=0.100 ang=0.000 hcw=0.000 hce=0.0 gyr=0.00013 gyz=0.000 Lpwm=10 Rpwm=0 Lrpm=12 Rrpm=9 Lfrpm=11 Rfrpm=10 Lfs=H Rfs=H Ltrpm=...
---
data: L=350.000 R=317.000 OL=41 OR=38 HL=40 HR=39
---
data: Lsrc=HALL_OPTO_FUSED Lconf=1.00 Lerr=0.000 Rsrc=HALL_OPTO_FUSED Rconf=1.00 Rerr=0.000
---
data: Lsrc=HALL_OPTO_FUSED Lconf=1.00 Lerr=0.000 Rsrc=HALL_OPTO_FUSED Rconf=1.00 Rerr=0.000
---
data: L=350.000 R=317.000 OL=41 OR=38 HL=40 HR=39
---
data: T lin=0.100 ang=0.000 hcw=0.000 hce=0.0 gyr=0.00155 gyz=0.000 Lpwm=0 Rpwm=10 Lrpm=14 Rrpm=7 Lfrpm=12 Rfrpm=9 Lfs=F Rfs=H Ltrpm=7...
---
data: Lsrc=HALL_OPTO_FUSED Lconf=1.00 Lerr=0.000 Rsrc=HALL_OPTO_FUSED Rconf=1.00 Rerr=0.000
data: L=351.000 R=317.500 OL=42 OR=39 HL=41 HR=39
---
---
data: Lsrc=HALL_PRIMARY_OPTO_WARN Lconf=0.60 Lerr=0.167 Rsrc=HALL_OPTO_FUSED Rconf=1.00 Rerr=0.000
---
data: L=352.000 R=318.500 OL=43 OR=40 HL=42 HR=40
---
data: T lin=0.100 ang=0.000 hcw=0.000 hce=0.0 gyr=0.00034 gyz=0.000 Lpwm=0 Rpwm=0 Lrpm=15 Rrpm=8 Lfrpm=13 Rfrpm=7 Lfs=F Rfs=H Ltrpm=7....
---
data: Lsrc=HALL_OPTO_FUSED Lconf=1.00 Lerr=0.000 Rsrc=HALL_OPTO_FUSED Rconf=1.00 Rerr=0.000
---
data: L=352.000 R=319.000 OL=43 OR=40 HL=42 HR=41
---
data: L=353.000 R=319.000 OL=43 OR=41 HL=43 HR=41
---
data: Lsrc=HALL_PRIMARY_OPTO_WARN Lconf=0.60 Lerr=0.143 Rsrc=HALL_PRIMARY_OPTO_WARN Rconf=0.60 Rerr=0.333
---
data: T lin=0.100 ang=0.000 hcw=0.000 hce=0.0 gyr=-0.00055 gyz=0.000 Lpwm=10 Rpwm=10 Lrpm=15 Rrpm=11 Lfrpm=15 Rfrpm=8 Lfs=H Rfs=H Ltrp...
---
data: L=353.500 R=319.500 OL=44 OR=41 HL=43 HR=42
---
data: Lsrc=HALL_OPTO_FUSED Lconf=1.00 Lerr=0.000 Rsrc=HALL_OPTO_FUSED Rconf=1.00 Rerr=0.000
---
data: Lsrc=HALL_OPTO_FUSED Lconf=1.00 Lerr=0.000 Rsrc=HALL_OPTO_FUSED Rconf=1.00 Rerr=0.000
---
data: L=353.500 R=320.000 OL=44 OR=42 HL=43 HR=42
---
data: T lin=0.100 ang=0.000 hcw=0.000 hce=0.0 gyr=-0.00057 gyz=0.000 Lpwm=0 Rpwm=10 Lrpm=14 Rrpm=12 Lfrpm=15 Rfrpm=11 Lfs=H Rfs=H Ltrp...
---
data: Lsrc=HALL_OPTO_FUSED Lconf=1.00 Lerr=0.000 Rsrc=HALL_OPTO_FUSED Rconf=1.00 Rerr=0.000
---
data: L=353.500 R=321.000 OL=44 OR=43 HL=43 HR=43
---
data: Lsrc=HALL_OPTO_FUSED Lconf=1.00 Lerr=0.000 Rsrc=HALL_PRIMARY_OPTO_WARN Rconf=0.60 Rerr=0.167
---
data: L=353.500 R=322.000 OL=44 OR=43 HL=43 HR=44
---
data: T lin=0.100 ang=0.000 hcw=0.000 hce=0.0 gyr=-0.00010 gyz=0.000 Lpwm=10 Rpwm=0 Lrpm=13 Rrpm=14 Lfrpm=14 Rfrpm=12 Lfs=H Rfs=F Ltrp...
---
data: L=353.500 R=323.000 OL=44 OR=44 HL=43 HR=45
data: Lsrc=HALL_OPTO_FUSED Lconf=1.00 Lerr=0.000 Rsrc=HALL_OPTO_FUSED Rconf=1.00 Rerr=0.000
---
---
data: Lsrc=HALL_OPTO_FUSED Lconf=1.00 Lerr=0.000 Rsrc=HALL_PRIMARY_OPTO_WARN Rconf=0.60 Rerr=0.167
---
data: L=354.500 R=323.000 OL=45 OR=45 HL=44 HR=45
---
data: T lin=0.100 ang=0.000 hcw=0.000 hce=0.0 gyr=0.00126 gyz=0.000 Lpwm=0 Rpwm=0 Lrpm=10 Rrpm=16 Lfrpm=13 Rfrpm=14 Lfs=F Rfs=H Ltrpm=...
---
data: Lsrc=HALL_OPTO_FUSED Lconf=1.00 Lerr=0.000 Rsrc=HALL_PRIMARY_OPTO_WARN Rconf=0.60 Rerr=0.143
---
data: L=354.500 R=324.000 OL=45 OR=45 HL=44 HR=46
---
data: Lsrc=HALL_OPTO_FUSED Lconf=1.00 Lerr=0.000 Rsrc=HALL_OPTO_FUSED Rconf=1.00 Rerr=0.000
---
data: L=354.500 R=324.500 OL=45 OR=46 HL=44 HR=46
---
data: T lin=0.100 ang=0.000 hcw=0.000 hce=0.0 gyr=0.00018 gyz=0.000 Lpwm=10 Rpwm=0 Lrpm=8 Rrpm=15 Lfrpm=10 Rfrpm=16 Lfs=H Rfs=H Ltrpm=...
---
data: Lsrc=HALL_OPTO_FUSED Lconf=1.00 Lerr=0.000 Rsrc=HALL_PRIMARY_OPTO_WARN Rconf=0.60 Rerr=0.200
---
data: L=354.500 R=324.500 OL=45 OR=46 HL=44 HR=46
---
data: L=355.000 R=324.500 OL=45 OR=46 HL=45 HR=46
---
data: Lsrc=HALL_OPTO_FUSED Lconf=1.00 Lerr=0.000 Rsrc=HALL_OPTO_FUSED Rconf=1.00 Rerr=0.000
---
data: T lin=0.100 ang=0.000 hcw=0.000 hce=0.0 gyr=-0.00078 gyz=0.000 Lpwm=10 Rpwm=0 Lrpm=7 Rrpm=15 Lfrpm=8 Rfrpm=15 Lfs=H Rfs=H Ltrpm=...
---
data: Lsrc=HALL_OPTO_FUSED Lconf=1.00 Lerr=0.000 Rsrc=HALL_PRIMARY_OPTO_WARN Rconf=0.60 Rerr=0.250
---
data: L=355.500 R=324.500 OL=46 OR=46 HL=45 HR=46
---
data: L=356.500 R=325.500 OL=47 OR=46 HL=46 HR=47
---
data: Lsrc=HALL_OPTO_FUSED Lconf=1.00 Lerr=0.000 Rsrc=HALL_PRIMARY_OPTO_WARN Rconf=0.60 Rerr=0.200
---
data: T lin=0.100 ang=0.000 hcw=0.000 hce=0.0 gyr=0.00106 gyz=0.000 Lpwm=0 Rpwm=0 Lrpm=11 Rrpm=11 Lfrpm=7 Rfrpm=15 Lfs=H Rfs=H Ltrpm=7...
---
data: Lsrc=HALL_OPTO_FUSED Lconf=1.00 Lerr=0.000 Rsrc=HALL_PRIMARY_OPTO_WARN Rconf=0.60 Rerr=0.250
data: L=356.500 R=325.500 OL=47 OR=46 HL=46 HR=47
---
---
data: L=357.500 R=325.500 OL=48 OR=46 HL=47 HR=47
---
data: Lsrc=HALL_OPTO_FUSED Lconf=1.00 Lerr=0.000 Rsrc=HALL_OPTO_FUSED Rconf=1.00 Rerr=0.000
---
data: T lin=0.100 ang=0.000 hcw=0.000 hce=0.0 gyr=-0.00076 gyz=0.000 Lpwm=10 Rpwm=0 Lrpm=12 Rrpm=9 Lfrpm=11 Rfrpm=11 Lfs=H Rfs=H Ltrpm...
---
data: L=358.500 R=325.500 OL=48 OR=46 HL=48 HR=47
data: Lsrc=HALL_PRIMARY_OPTO_WARN Lconf=0.60 Lerr=0.200 Rsrc=HALL_OPTO_FUSED Rconf=1.00 Rerr=0.000
---
---
data: L=359.000 R=325.500 OL=49 OR=46 HL=48 HR=47
---
data: Lsrc=HALL_OPTO_FUSED Lconf=1.00 Lerr=0.000 Rsrc=HALL_PRIMARY_OPTO_WARN Rconf=0.60 Rerr=0.500
---
data: T lin=0.100 ang=0.000 hcw=0.000 hce=0.0 gyr=-0.00113 gyz=0.000 Lpwm=0 Rpwm=0 Lrpm=13 Rrpm=8 Lfrpm=12 Rfrpm=9 Lfs=F Rfs=H Ltrpm=7...
---
data: Lsrc=HALL_OPTO_FUSED Lconf=1.00 Lerr=0.000 Rsrc=HALL_PRIMARY_OPTO_WARN Rconf=0.60 Rerr=1.000
---
data: L=360.000 R=325.500 OL=50 OR=47 HL=49 HR=47
---
data: L=361.000 R=326.500 OL=50 OR=47 HL=50 HR=48
---
data: Lsrc=HALL_PRIMARY_OPTO_WARN Lconf=0.60 Lerr=0.167 Rsrc=HALL_PRIMARY_OPTO_WARN Rconf=0.60 Rerr=0.500
---
data: T lin=0.100 ang=0.000 hcw=0.000 hce=0.0 gyr=-0.00044 gyz=0.000 Lpwm=0 Rpwm=10 Lrpm=15 Rrpm=7 Lfrpm=13 Rfrpm=8 Lfs=F Rfs=H Ltrpm=...
---
data: Lsrc=HALL_OPTO_FUSED Lconf=1.00 Lerr=0.000 Rsrc=HALL_OPTO_FUSED Rconf=1.00 Rerr=0.000
---
data: L=361.500 R=327.000 OL=51 OR=48 HL=50 HR=48
---
data: Lsrc=HALL_PRIMARY_OPTO_WARN Lconf=0.60 Lerr=0.200 Rsrc=HALL_PRIMARY_OPTO_WARN Rconf=0.60 Rerr=0.333
---
data: L=361.500 R=328.000 OL=51 OR=48 HL=50 HR=49
---
data: T lin=0.100 ang=0.000 hcw=0.000 hce=0.0 gyr=-0.00010 gyz=0.000 Lpwm=0 Rpwm=0 Lrpm=15 Rrpm=10 Lfrpm=15 Rfrpm=7 Lfs=H Rfs=H Ltrpm=...
---
data: L=362.500 R=328.500 OL=52 OR=49 HL=51 HR=49
---
data: Lsrc=HALL_OPTO_FUSED Lconf=1.00 Lerr=0.000 Rsrc=HALL_OPTO_FUSED Rconf=1.00 Rerr=0.000
---
data: L=362.500 R=329.000 OL=52 OR=49 HL=51 HR=50
data: Lsrc=HALL_OPTO_FUSED Lconf=1.00 Lerr=0.000 Rsrc=HALL_OPTO_FUSED Rconf=1.00 Rerr=0.000
---
---
data: T lin=0.100 ang=0.000 hcw=0.000 hce=0.0 gyr=-0.00101 gyz=0.000 Lpwm=0 Rpwm=10 Lrpm=13 Rrpm=12 Lfrpm=15 Rfrpm=10 Lfs=H Rfs=H Ltrp...
---
data: L=362.500 R=330.000 OL=52 OR=50 HL=51 HR=51
---
data: Lsrc=HALL_OPTO_FUSED Lconf=1.00 Lerr=0.000 Rsrc=HALL_OPTO_FUSED Rconf=1.00 Rerr=0.000
---
data: L=362.500 R=330.000 OL=52 OR=51 HL=51 HR=51
---
data: Lsrc=HALL_OPTO_FUSED Lconf=1.00 Lerr=0.000 Rsrc=HALL_PRIMARY_OPTO_WARN Rconf=0.60 Rerr=0.250
---
data: T lin=0.100 ang=0.000 hcw=0.000 hce=0.0 gyr=-0.00019 gyz=0.000 Lpwm=0 Rpwm=10 Lrpm=12 Rrpm=13 Lfrpm=13 Rfrpm=12 Lfs=H Rfs=H Ltrp...
---
data: L=362.500 R=331.000 OL=52 OR=52 HL=51 HR=52
---
data: Lsrc=HALL_PRIMARY_OPTO_WARN Lconf=0.60 Lerr=0.333 Rsrc=HALL_PRIMARY_OPTO_WARN Rconf=0.60 Rerr=0.200
---
data: L=362.500 R=331.500 OL=52 OR=52 HL=51 HR=53
data: Lsrc=HALL_OPTO_FUSED Lconf=1.00 Lerr=0.000 Rsrc=HALL_OPTO_FUSED Rconf=1.00 Rerr=0.000
---
---
data: T lin=0.100 ang=0.000 hcw=0.000 hce=0.0 gyr=0.00011 gyz=0.000 Lpwm=0 Rpwm=0 Lrpm=12 Rrpm=15 Lfrpm=12 Rfrpm=13 Lfs=H Rfs=F Ltrpm=...
---
data: Lsrc=HALL_OPTO_FUSED Lconf=1.00 Lerr=0.000 Rsrc=HALL_OPTO_FUSED Rconf=1.00 Rerr=0.000
---
data: L=362.500 R=332.000 OL=52 OR=53 HL=51 HR=53
---
data: Lsrc=HALL_PRIMARY_OPTO_WARN Lconf=0.60 Lerr=0.500 Rsrc=HALL_OPTO_FUSED Rconf=1.00 Rerr=0.000
---
data: L=363.500 R=332.500 OL=53 OR=53 HL=52 HR=54
---
data: T lin=0.100 ang=0.000 hcw=0.000 hce=0.0 gyr=0.00009 gyz=0.000 Lpwm=0 Rpwm=0 Lrpm=9 Rrpm=14 Lfrpm=12 Rfrpm=15 Lfs=F Rfs=H Ltrpm=7...
---
data: L=363.500 R=333.000 OL=54 OR=54 HL=52 HR=54
---
data: Lsrc=HALL_PRIMARY_OPTO_WARN Lconf=0.60 Lerr=0.500 Rsrc=HALL_OPTO_FUSED Rconf=1.00 Rerr=0.000
---
data: L=363.500 R=333.000 OL=54 OR=54 HL=52 HR=54
---
data: Lsrc=HALL_PRIMARY_OPTO_WARN Lconf=0.60 Lerr=0.500 Rsrc=HALL_PRIMARY_OPTO_WARN Rconf=0.60 Rerr=0.200
---
data: T lin=0.100 ang=0.000 hcw=0.000 hce=0.0 gyr=0.00085 gyz=0.000 Lpwm=0 Rpwm=0 Lrpm=7 Rrpm=14 Lfrpm=9 Rfrpm=13 Lfs=H Rfs=F Ltrpm=7....
---
data: L=364.000 R=333.000 OL=54 OR=54 HL=53 HR=54
---
data: Lsrc=HALL_OPTO_FUSED Lconf=1.00 Lerr=0.000 Rsrc=HALL_OPTO_FUSED Rconf=1.00 Rerr=0.000
---
data: Lsrc=HALL_PRIMARY_OPTO_WARN Lconf=0.60 Lerr=0.500 Rsrc=HALL_PRIMARY_OPTO_WARN Rconf=0.60 Rerr=0.250
---
data: L=364.000 R=333.000 OL=55 OR=54 HL=53 HR=54
---
data: T lin=0.100 ang=0.000 hcw=0.000 hce=0.0 gyr=-0.00023 gyz=0.000 Lpwm=10 Rpwm=0 Lrpm=8 Rrpm=13 Lfrpm=7 Rfrpm=14 Lfs=H Rfs=H Ltrpm=...
---
data: Lsrc=HALL_PRIMARY_OPTO_WARN Lconf=0.60 Lerr=0.500 Rsrc=HALL_OPTO_FUSED Rconf=1.00 Rerr=0.000
---
data: L=364.000 R=333.500 OL=55 OR=54 HL=53 HR=55
---
data: L=365.000 R=333.500 OL=56 OR=54 HL=54 HR=55
data: Lsrc=HALL_PRIMARY_OPTO_WARN Lconf=0.60 Lerr=0.333 Rsrc=HALL_PRIMARY_OPTO_WARN Rconf=0.60 Rerr=0.250
---
---
data: T lin=0.100 ang=0.000 hcw=0.000 hce=0.0 gyr=-0.00017 gyz=0.000 Lpwm=10 Rpwm=10 Lrpm=8 Rrpm=10 Lfrpm=8 Rfrpm=13 Lfs=H Rfs=H Ltrpm...
---
data: L=366.000 R=334.000 OL=57 OR=55 HL=55 HR=55
---
data: Lsrc=HALL_PRIMARY_OPTO_WARN Lconf=0.60 Lerr=0.250 Rsrc=HALL_OPTO_FUSED Rconf=1.00 Rerr=0.000
---
data: L=366.000 R=334.000 OL=57 OR=55 HL=55 HR=55
---
data: Lsrc=HALL_PRIMARY_OPTO_WARN Lconf=0.60 Lerr=0.250 Rsrc=HALL_PRIMARY_OPTO_WARN Rconf=0.60 Rerr=0.500
---
data: Lsrc=HALL_PRIMARY_OPTO_WARN Lconf=0.60 Lerr=0.200 Rsrc=HALL_PRIMARY_OPTO_WARN Rconf=0.60 Rerr=0.333
---
data: L=367.000 R=335.000 OL=58 OR=55 HL=56 HR=56
---
data: L=367.000 R=335.000 OL=58 OR=55 HL=56 HR=56
---
data: Lsrc=HALL_PRIMARY_OPTO_WARN Lconf=0.60 Lerr=0.250 Rsrc=HALL_OPTO_FUSED Rconf=1.00 Rerr=0.000
---
data: L=368.000 R=335.000 OL=59 OR=55 HL=57 HR=56
---
data: Lsrc=HALL_OPTO_FUSED Lconf=1.00 Lerr=0.000 Rsrc=HALL_PRIMARY_OPTO_WARN Rconf=0.60 Rerr=0.500
---
data: L=369.000 R=335.000 OL=59 OR=55 HL=58 HR=56
---
data: Lsrc=HALL_PRIMARY_OPTO_WARN Lconf=0.60 Lerr=0.167 Rsrc=HALL_PRIMARY_OPTO_WARN Rconf=0.60 Rerr=0.500
---
data: L=369.000 R=335.500 OL=60 OR=56 HL=58 HR=56
data: Lsrc=HALL_PRIMARY_OPTO_WARN Lconf=0.60 Lerr=0.200 Rsrc=HALL_OPTO_FUSED Rconf=1.00 Rerr=0.000
---
---
data: Lsrc=HALL_OPTO_FUSED Lconf=1.00 Lerr=0.000 Rsrc=HALL_PRIMARY_OPTO_WARN Rconf=0.60 Rerr=0.333
---
data: L=370.000 R=336.500 OL=61 OR=56 HL=59 HR=57
---
data: L=371.000 R=336.500 OL=62 OR=56 HL=60 HR=57
---
data: Lsrc=HALL_OPTO_FUSED Lconf=1.00 Lerr=0.000 Rsrc=HALL_OPTO_FUSED Rconf=1.00 Rerr=0.000
---
data: Lsrc=HALL_OPTO_FUSED Lconf=1.00 Lerr=0.000 Rsrc=HALL_OPTO_FUSED Rconf=1.00 Rerr=0.000
data: L=371.000 R=336.500 OL=62 OR=56 HL=60 HR=57
---
---
data: Lsrc=HALL_OPTO_FUSED Lconf=1.00 Lerr=0.000 Rsrc=HALL_OPTO_FUSED Rconf=1.00 Rerr=0.000
---
data: L=372.000 R=337.000 OL=63 OR=57 HL=61 HR=57
---
data: T lin=0.000 ang=0.000 Lpwm=0 Rpwm=0 Lrpm=0 Rrpm=0 Ld=F Rd=F LmA=0.00 RmA=0.00
---
data: L=372.000 R=337.000 OL=63 OR=57 HL=62 HR=57
data: Lsrc=STOP Lconf=1.00 Lerr=0.000 Rsrc=STOP Rconf=1.00 Rerr=0.000
---
---
data: Lsrc=STOP Lconf=1.00 Lerr=0.000 Rsrc=STOP Rconf=1.00 Rerr=0.000
---
data: L=372.000 R=337.000 OL=63 OR=57 HL=62 HR=57
---
data: L=372.000 R=337.000 OL=63 OR=57 HL=62 HR=57
---
data: Lsrc=STOP Lconf=1.00 Lerr=0.000 Rsrc=STOP Rconf=1.00 Rerr=0.000
---
data: Lsrc=STOP Lconf=1.00 Lerr=0.000 Rsrc=STOP Rconf=1.00 Rerr=0.000
---
data: L=372.000 R=337.000 OL=63 OR=57 HL=62 HR=57
---
data: L=372.000 R=337.000 OL=63 OR=57 HL=62 HR=57
data: Lsrc=STOP Lconf=1.00 Lerr=0.000 Rsrc=STOP Rconf=1.00 Rerr=0.000
---
---
data: Lsrc=STOP Lconf=1.00 Lerr=0.000 Rsrc=STOP Rconf=1.00 Rerr=0.000
---
data: L=372.000 R=337.000 OL=63 OR=57 HL=62 HR=57
---
data: L=372.000 R=337.000 OL=63 OR=57 HL=62 HR=57
---
data: Lsrc=STOP Lconf=1.00 Lerr=0.000 Rsrc=STOP Rconf=1.00 Rerr=0.000
---
data: L=372.000 R=337.000 OL=63 OR=57 HL=62 HR=57
data: Lsrc=STOP Lconf=1.00 Lerr=0.000 Rsrc=STOP Rconf=1.00 Rerr=0.000
---
---
data: Lsrc=STOP Lconf=1.00 Lerr=0.000 Rsrc=STOP Rconf=1.00 Rerr=0.000
data: L=372.000 R=337.000 OL=63 OR=57 HL=62 HR=57
---
---
data: Lsrc=STOP Lconf=1.00 Lerr=0.000 Rsrc=STOP Rconf=1.00 Rerr=0.000
---
data: L=372.000 R=337.000 OL=63 OR=57 HL=62 HR=57
---
data: Lsrc=STOP Lconf=1.00 Lerr=0.000 Rsrc=STOP Rconf=1.00 Rerr=0.000
---
data: L=372.000 R=337.000 OL=63 OR=57 HL=62 HR=57
---
data: Lsrc=STOP Lconf=1.00 Lerr=0.000 Rsrc=STOP Rconf=1.00 Rerr=0.000
---
data: L=372.000 R=337.000 OL=63 OR=57 HL=62 HR=57
---
data: L=372.000 R=337.000 OL=63 OR=57 HL=62 HR=57
---
data: Lsrc=STOP Lconf=1.00 Lerr=0.000 Rsrc=STOP Rconf=1.00 Rerr=0.000
---
data: Lsrc=STOP Lconf=1.00 Lerr=0.000 Rsrc=STOP Rconf=1.00 Rerr=0.000
data: L=372.000 R=337.000 OL=63 OR=57 HL=62 HR=57
---
---
data: Lsrc=STOP Lconf=1.00 Lerr=0.000 Rsrc=STOP Rconf=1.00 Rerr=0.000
---
data: L=372.000 R=337.000 OL=63 OR=57 HL=62 HR=57
---
data: Lsrc=STOP Lconf=1.00 Lerr=0.000 Rsrc=STOP Rconf=1.00 Rerr=0.000
---
data: L=372.000 R=337.000 OL=63 OR=57 HL=62 HR=57
---
data: Lsrc=STOP Lconf=1.00 Lerr=0.000 Rsrc=STOP Rconf=1.00 Rerr=0.000
---
data: L=372.000 R=337.000 OL=63 OR=57 HL=62 HR=57
---
data: Lsrc=STOP Lconf=1.00 Lerr=0.000 Rsrc=STOP Rconf=1.00 Rerr=0.000
---
data: L=372.000 R=337.000 OL=63 OR=57 HL=62 HR=57
---
data: L=372.000 R=337.000 OL=63 OR=57 HL=62 HR=57
---
data: Lsrc=STOP Lconf=1.00 Lerr=0.000 Rsrc=STOP Rconf=1.00 Rerr=0.000
---
data: Lsrc=STOP Lconf=1.00 Lerr=0.000 Rsrc=STOP Rconf=1.00 Rerr=0.000
---
data: L=372.000 R=337.000 OL=63 OR=57 HL=62 HR=57
---
data: L=372.000 R=337.000 OL=63 OR=57 HL=62 HR=57
data: Lsrc=STOP Lconf=1.00 Lerr=0.000 Rsrc=STOP Rconf=1.00 Rerr=0.000
---
---
data: Lsrc=STOP Lconf=1.00 Lerr=0.000 Rsrc=STOP Rconf=1.00 Rerr=0.000
---
data: L=372.000 R=337.000 OL=63 OR=57 HL=62 HR=57
---
data: Lsrc=STOP Lconf=1.00 Lerr=0.000 Rsrc=STOP Rconf=1.00 Rerr=0.000
---
data: L=372.000 R=337.000 OL=63 OR=57 HL=62 HR=57
---
data: L=372.000 R=337.000 OL=63 OR=57 HL=62 HR=57
---
data: Lsrc=STOP Lconf=1.00 Lerr=0.000 Rsrc=STOP Rconf=1.00 Rerr=0.000
---
data: L=372.000 R=337.000 OL=63 OR=57 HL=62 HR=57
---
data: Lsrc=STOP Lconf=1.00 Lerr=0.000 Rsrc=STOP Rconf=1.00 Rerr=0.000
---
data: Lsrc=STOP Lconf=1.00 Lerr=0.000 Rsrc=STOP Rconf=1.00 Rerr=0.000
---
data: L=372.000 R=337.000 OL=63 OR=57 HL=62 HR=57
---
data: L=372.000 R=337.000 OL=63 OR=57 HL=62 HR=57
data: Lsrc=STOP Lconf=1.00 Lerr=0.000 Rsrc=STOP Rconf=1.00 Rerr=0.000
---
---
data: Lsrc=STOP Lconf=1.00 Lerr=0.000 Rsrc=STOP Rconf=1.00 Rerr=0.000
---
data: L=372.000 R=337.000 OL=63 OR=57 HL=62 HR=57
---
data: L=372.000 R=337.000 OL=63 OR=57 HL=62 HR=57
data: Lsrc=STOP Lconf=1.00 Lerr=0.000 Rsrc=STOP Rconf=1.00 Rerr=0.000
---
---
data: Lsrc=STOP Lconf=1.00 Lerr=0.000 Rsrc=STOP Rconf=1.00 Rerr=0.000
---
data: L=372.000 R=337.000 OL=63 OR=57 HL=62 HR=57
---
data: Lsrc=STOP Lconf=1.00 Lerr=0.000 Rsrc=STOP Rconf=1.00 Rerr=0.000
---
data: L=372.000 R=337.000 OL=63 OR=57 HL=62 HR=57
---
data: Lsrc=STOP Lconf=1.00 Lerr=0.000 Rsrc=STOP Rconf=1.00 Rerr=0.000
---
data: L=372.000 R=337.000 OL=63 OR=57 HL=62 HR=57
---
data: Lsrc=STOP Lconf=1.00 Lerr=0.000 Rsrc=STOP Rconf=1.00 Rerr=0.000
---
data: L=372.000 R=337.000 OL=63 OR=57 HL=62 HR=57
---
data: Lsrc=STOP Lconf=1.00 Lerr=0.000 Rsrc=STOP Rconf=1.00 Rerr=0.000
data: L=372.000 R=337.000 OL=63 OR=57 HL=62 HR=57
---
---
data: Lsrc=STOP Lconf=1.00 Lerr=0.000 Rsrc=STOP Rconf=1.00 Rerr=0.000
---
data: L=372.000 R=337.000 OL=63 OR=57 HL=62 HR=57
---
data: Lsrc=STOP Lconf=1.00 Lerr=0.000 Rsrc=STOP Rconf=1.00 Rerr=0.000
data: L=372.000 R=337.000 OL=63 OR=57 HL=62 HR=57
---
---
data: Lsrc=STOP Lconf=1.00 Lerr=0.000 Rsrc=STOP Rconf=1.00 Rerr=0.000
---
data: L=372.000 R=337.000 OL=63 OR=57 HL=62 HR=57
---
data: Lsrc=STOP Lconf=1.00 Lerr=0.000 Rsrc=STOP Rconf=1.00 Rerr=0.000
---
data: L=372.000 R=337.000 OL=63 OR=57 HL=62 HR=57
---
data: Lsrc=STOP Lconf=1.00 Lerr=0.000 Rsrc=STOP Rconf=1.00 Rerr=0.000
---
data: L=372.000 R=337.000 OL=63 OR=57 HL=62 HR=57
---
data: L=372.000 R=337.000 OL=63 OR=57 HL=62 HR=57
data: Lsrc=STOP Lconf=1.00 Lerr=0.000 Rsrc=STOP Rconf=1.00 Rerr=0.000
---
---
data: L=372.000 R=337.000 OL=63 OR=57 HL=62 HR=57
---
data: Lsrc=STOP Lconf=1.00 Lerr=0.000 Rsrc=STOP Rconf=1.00 Rerr=0.000
---
data: Lsrc=STOP Lconf=1.00 Lerr=0.000 Rsrc=STOP Rconf=1.00 Rerr=0.000
---
data: L=372.000 R=337.000 OL=63 OR=57 HL=62 HR=57
---
data: Lsrc=STOP Lconf=1.00 Lerr=0.000 Rsrc=STOP Rconf=1.00 Rerr=0.000
data: L=372.000 R=337.000 OL=63 OR=57 HL=62 HR=57
---
---
data: L=372.000 R=337.000 OL=63 OR=57 HL=62 HR=57
---
data: Lsrc=STOP Lconf=1.00 Lerr=0.000 Rsrc=STOP Rconf=1.00 Rerr=0.000
---
data: Lsrc=STOP Lconf=1.00 Lerr=0.000 Rsrc=STOP Rconf=1.00 Rerr=0.000
data: L=372.000 R=337.000 OL=63 OR=57 HL=62 HR=57
---
---
data: L=372.000 R=337.000 OL=63 OR=57 HL=62 HR=57
---
data: Lsrc=STOP Lconf=1.00 Lerr=0.000 Rsrc=STOP Rconf=1.00 Rerr=0.000
---
data: Lsrc=STOP Lconf=1.00 Lerr=0.000 Rsrc=STOP Rconf=1.00 Rerr=0.000
---
data: L=372.000 R=337.000 OL=63 OR=57 HL=62 HR=57
---
data: L=372.000 R=337.000 OL=63 OR=57 HL=62 HR=57
---
data: Lsrc=STOP Lconf=1.00 Lerr=0.000 Rsrc=STOP Rconf=1.00 Rerr=0.000
---
data: Lsrc=STOP Lconf=1.00 Lerr=0.000 Rsrc=STOP Rconf=1.00 Rerr=0.000
data: L=372.000 R=337.000 OL=63 OR=57 HL=62 HR=57
---
---
data: L=372.000 R=337.000 OL=63 OR=57 HL=62 HR=57
---
data: Lsrc=STOP Lconf=1.00 Lerr=0.000 Rsrc=STOP Rconf=1.00 Rerr=0.000
---
data: L=372.000 R=337.000 OL=63 OR=57 HL=62 HR=57
---
data: Lsrc=STOP Lconf=1.00 Lerr=0.000 Rsrc=STOP Rconf=1.00 Rerr=0.000
---
data: L=372.000 R=337.000 OL=63 OR=57 HL=62 HR=57
---
data: Lsrc=STOP Lconf=1.00 Lerr=0.000 Rsrc=STOP Rconf=1.00 Rerr=0.000
---
data: Lsrc=STOP Lconf=1.00 Lerr=0.000 Rsrc=STOP Rconf=1.00 Rerr=0.000
---
data: L=372.000 R=337.000 OL=63 OR=57 HL=62 HR=57
---
data: L=372.000 R=337.000 OL=63 OR=57 HL=62 HR=57
---
data: Lsrc=STOP Lconf=1.00 Lerr=0.000 Rsrc=STOP Rconf=1.00 Rerr=0.000
---
data: L=372.000 R=337.000 OL=63 OR=57 HL=62 HR=57
---
data: Lsrc=STOP Lconf=1.00 Lerr=0.000 Rsrc=STOP Rconf=1.00 Rerr=0.000
---
data: L=372.000 R=337.000 OL=63 OR=57 HL=62 HR=57
---
data: Lsrc=STOP Lconf=1.00 Lerr=0.000 Rsrc=STOP Rconf=1.00 Rerr=0.000
---
data: Lsrc=STOP Lconf=1.00 Lerr=0.000 Rsrc=STOP Rconf=1.00 Rerr=0.000
---
data: L=372.000 R=337.000 OL=63 OR=57 HL=62 HR=57
---
data: L=372.000 R=337.000 OL=63 OR=57 HL=62 HR=57
data: Lsrc=STOP Lconf=1.00 Lerr=0.000 Rsrc=STOP Rconf=1.00 Rerr=0.000
---
---
data: Lsrc=STOP Lconf=1.00 Lerr=0.000 Rsrc=STOP Rconf=1.00 Rerr=0.000
---
data: L=372.000 R=337.000 OL=63 OR=57 HL=62 HR=57
---
data: L=372.000 R=337.000 OL=63 OR=57 HL=62 HR=57
---
data: Lsrc=STOP Lconf=1.00 Lerr=0.000 Rsrc=STOP Rconf=1.00 Rerr=0.000
---
data: Lsrc=STOP Lconf=1.00 Lerr=0.000 Rsrc=STOP Rconf=1.00 Rerr=0.000
---
data: L=372.000 R=337.000 OL=63 OR=57 HL=62 HR=57
---
data: Lsrc=STOP Lconf=1.00 Lerr=0.000 Rsrc=STOP Rconf=1.00 Rerr=0.000
---
data: L=372.000 R=337.000 OL=63 OR=57 HL=62 HR=57
---
data: L=372.000 R=337.000 OL=63 OR=57 HL=62 HR=57
---
data: Lsrc=STOP Lconf=1.00 Lerr=0.000 Rsrc=STOP Rconf=1.00 Rerr=0.000
---
data: Lsrc=STOP Lconf=1.00 Lerr=0.000 Rsrc=STOP Rconf=1.00 Rerr=0.000
---
data: L=372.000 R=337.000 OL=63 OR=57 HL=62 HR=57
---
data: Lsrc=STOP Lconf=1.00 Lerr=0.000 Rsrc=STOP Rconf=1.00 Rerr=0.000
---
data: L=372.000 R=337.000 OL=63 OR=57 HL=62 HR=57
---
data: L=372.000 R=337.000 OL=63 OR=57 HL=62 HR=57
---
data: Lsrc=STOP Lconf=1.00 Lerr=0.000 Rsrc=STOP Rconf=1.00 Rerr=0.000
---
data: L=372.000 R=337.000 OL=63 OR=57 HL=62 HR=57
data: Lsrc=STOP Lconf=1.00 Lerr=0.000 Rsrc=STOP Rconf=1.00 Rerr=0.000
---
---
data: Lsrc=STOP Lconf=1.00 Lerr=0.000 Rsrc=STOP Rconf=1.00 Rerr=0.000
---
data: L=372.000 R=337.000 OL=63 OR=57 HL=62 HR=57
---
data: L=372.000 R=337.000 OL=63 OR=57 HL=62 HR=57
---
data: Lsrc=STOP Lconf=1.00 Lerr=0.000 Rsrc=STOP Rconf=1.00 Rerr=0.000
---
data: L=372.000 R=337.000 OL=63 OR=57 HL=62 HR=57
data: Lsrc=STOP Lconf=1.00 Lerr=0.000 Rsrc=STOP Rconf=1.00 Rerr=0.000
---
---
data: Lsrc=STOP Lconf=1.00 Lerr=0.000 Rsrc=STOP Rconf=1.00 Rerr=0.000
---
data: L=372.000 R=337.000 OL=63 OR=57 HL=62 HR=57
---
data: Lsrc=STOP Lconf=1.00 Lerr=0.000 Rsrc=STOP Rconf=1.00 Rerr=0.000
---
data: L=372.000 R=337.000 OL=63 OR=57 HL=62 HR=57
---
data: Lsrc=STOP Lconf=1.00 Lerr=0.000 Rsrc=STOP Rconf=1.00 Rerr=0.000
---
data: L=372.000 R=337.000 OL=63 OR=57 HL=62 HR=57
---
data: L=372.000 R=337.000 OL=63 OR=57 HL=62 HR=57
data: Lsrc=STOP Lconf=1.00 Lerr=0.000 Rsrc=STOP Rconf=1.00 Rerr=0.000
---
---
data: Lsrc=STOP Lconf=1.00 Lerr=0.000 Rsrc=STOP Rconf=1.00 Rerr=0.000
---
data: L=372.000 R=337.000 OL=63 OR=57 HL=62 HR=57
---
data: Lsrc=STOP Lconf=1.00 Lerr=0.000 Rsrc=STOP Rconf=1.00 Rerr=0.000
---
data: L=372.000 R=337.000 OL=63 OR=57 HL=62 HR=57
---
data: Lsrc=STOP Lconf=1.00 Lerr=0.000 Rsrc=STOP Rconf=1.00 Rerr=0.000
---
data: L=372.000 R=337.000 OL=63 OR=57 HL=62 HR=57
---
data: L=372.000 R=337.000 OL=63 OR=57 HL=62 HR=57
data: Lsrc=STOP Lconf=1.00 Lerr=0.000 Rsrc=STOP Rconf=1.00 Rerr=0.000
---
---
data: L=372.000 R=337.000 OL=63 OR=57 HL=62 HR=57
---
data: Lsrc=STOP Lconf=1.00 Lerr=0.000 Rsrc=STOP Rconf=1.00 Rerr=0.000
---
data: Lsrc=STOP Lconf=1.00 Lerr=0.000 Rsrc=STOP Rconf=1.00 Rerr=0.000
---
data: L=372.000 R=337.000 OL=63 OR=57 HL=62 HR=57
---
data: Lsrc=STOP Lconf=1.00 Lerr=0.000 Rsrc=STOP Rconf=1.00 Rerr=0.000
---
data: L=372.000 R=337.000 OL=63 OR=57 HL=62 HR=57
---
data: Lsrc=STOP Lconf=1.00 Lerr=0.000 Rsrc=STOP Rconf=1.00 Rerr=0.000
data: L=372.000 R=337.000 OL=63 OR=57 HL=62 HR=57
---
---
data: Lsrc=STOP Lconf=1.00 Lerr=0.000 Rsrc=STOP Rconf=1.00 Rerr=0.000
---
data: L=372.000 R=337.000 OL=63 OR=57 HL=62 HR=57
---
data: L=372.000 R=337.000 OL=63 OR=57 HL=62 HR=57
---
data: Lsrc=STOP Lconf=1.00 Lerr=0.000 Rsrc=STOP Rconf=1.00 Rerr=0.000
---
data: Lsrc=STOP Lconf=1.00 Lerr=0.000 Rsrc=STOP Rconf=1.00 Rerr=0.000
---
data: L=372.000 R=337.000 OL=63 OR=57 HL=62 HR=57
---
data: Lsrc=STOP Lconf=1.00 Lerr=0.000 Rsrc=STOP Rconf=1.00 Rerr=0.000
---
data: L=372.000 R=337.000 OL=63 OR=57 HL=62 HR=57
---
data: Lsrc=STOP Lconf=1.00 Lerr=0.000 Rsrc=STOP Rconf=1.00 Rerr=0.000
---
data: L=372.000 R=337.000 OL=63 OR=57 HL=62 HR=57
---
data: Lsrc=STOP Lconf=1.00 Lerr=0.000 Rsrc=STOP Rconf=1.00 Rerr=0.000
---
data: L=372.000 R=337.000 OL=63 OR=57 HL=62 HR=57
---
data: Lsrc=STOP Lconf=1.00 Lerr=0.000 Rsrc=STOP Rconf=1.00 Rerr=0.000
---
data: L=372.000 R=337.000 OL=63 OR=57 HL=62 HR=57
---
data: L=372.000 R=337.000 OL=63 OR=57 HL=62 HR=57
---
data: Lsrc=STOP Lconf=1.00 Lerr=0.000 Rsrc=STOP Rconf=1.00 Rerr=0.000
---
data: L=372.000 R=337.000 OL=63 OR=57 HL=62 HR=57
---
data: Lsrc=STOP Lconf=1.00 Lerr=0.000 Rsrc=STOP Rconf=1.00 Rerr=0.000
---
data: Lsrc=STOP Lconf=1.00 Lerr=0.000 Rsrc=STOP Rconf=1.00 Rerr=0.000
---
data: L=372.000 R=337.000 OL=63 OR=57 HL=62 HR=57
---
data: L=372.000 R=337.000 OL=63 OR=57 HL=62 HR=57
---
data: Lsrc=STOP Lconf=1.00 Lerr=0.000 Rsrc=STOP Rconf=1.00 Rerr=0.000
---
data: Lsrc=STOP Lconf=1.00 Lerr=0.000 Rsrc=STOP Rconf=1.00 Rerr=0.000
---
data: L=372.000 R=337.000 OL=63 OR=57 HL=62 HR=57
---
data: L=372.000 R=337.000 OL=63 OR=57 HL=62 HR=57
data: Lsrc=STOP Lconf=1.00 Lerr=0.000 Rsrc=STOP Rconf=1.00 Rerr=0.000
---
---
data: L=372.000 R=337.000 OL=63 OR=57 HL=62 HR=57
data: Lsrc=STOP Lconf=1.00 Lerr=0.000 Rsrc=STOP Rconf=1.00 Rerr=0.000
---
---
data: L=372.000 R=337.000 OL=63 OR=57 HL=62 HR=57
data: Lsrc=STOP Lconf=1.00 Lerr=0.000 Rsrc=STOP Rconf=1.00 Rerr=0.000
---
---
data: Lsrc=STOP Lconf=1.00 Lerr=0.000 Rsrc=STOP Rconf=1.00 Rerr=0.000
---
data: L=372.000 R=337.000 OL=63 OR=57 HL=62 HR=57
---
data: Lsrc=STOP Lconf=1.00 Lerr=0.000 Rsrc=STOP Rconf=1.00 Rerr=0.000
---
data: L=372.000 R=337.000 OL=63 OR=57 HL=62 HR=57
---
data: L=372.000 R=337.000 OL=63 OR=57 HL=62 HR=57
data: Lsrc=STOP Lconf=1.00 Lerr=0.000 Rsrc=STOP Rconf=1.00 Rerr=0.000
---
---
data: L=372.000 R=337.000 OL=63 OR=57 HL=62 HR=57
---
data: Lsrc=STOP Lconf=1.00 Lerr=0.000 Rsrc=STOP Rconf=1.00 Rerr=0.000
---
data: L=372.000 R=337.000 OL=63 OR=57 HL=62 HR=57
---
data: Lsrc=STOP Lconf=1.00 Lerr=0.000 Rsrc=STOP Rconf=1.00 Rerr=0.000
---
data: Lsrc=STOP Lconf=1.00 Lerr=0.000 Rsrc=STOP Rconf=1.00 Rerr=0.000
---
data: L=372.000 R=337.000 OL=63 OR=57 HL=62 HR=57
---
data: Lsrc=STOP Lconf=1.00 Lerr=0.000 Rsrc=STOP Rconf=1.00 Rerr=0.000
---
data: L=372.000 R=337.000 OL=63 OR=57 HL=62 HR=57
---
data: L=372.000 R=337.000 OL=63 OR=57 HL=62 HR=57
---
data: Lsrc=STOP Lconf=1.00 Lerr=0.000 Rsrc=STOP Rconf=1.00 Rerr=0.000
---
data: L=372.000 R=337.000 OL=63 OR=57 HL=62 HR=57
---
data: Lsrc=STOP Lconf=1.00 Lerr=0.000 Rsrc=STOP Rconf=1.00 Rerr=0.000
---
data: L=372.000 R=337.000 OL=63 OR=57 HL=62 HR=57
data: Lsrc=STOP Lconf=1.00 Lerr=0.000 Rsrc=STOP Rconf=1.00 Rerr=0.000
---
---
data: Lsrc=STOP Lconf=1.00 Lerr=0.000 Rsrc=STOP Rconf=1.00 Rerr=0.000
---
data: L=372.000 R=337.000 OL=63 OR=57 HL=62 HR=57
---
data: Lsrc=STOP Lconf=1.00 Lerr=0.000 Rsrc=STOP Rconf=1.00 Rerr=0.000
---
data: L=372.000 R=337.000 OL=63 OR=57 HL=62 HR=57
---
data: Lsrc=STOP Lconf=1.00 Lerr=0.000 Rsrc=STOP Rconf=1.00 Rerr=0.000
data: L=372.000 R=337.000 OL=63 OR=57 HL=62 HR=57
---
---
data: L=372.000 R=337.000 OL=63 OR=57 HL=62 HR=57
data: Lsrc=STOP Lconf=1.00 Lerr=0.000 Rsrc=STOP Rconf=1.00 Rerr=0.000
---
---
data: L=372.000 R=337.000 OL=63 OR=57 HL=62 HR=57
---
data: Lsrc=STOP Lconf=1.00 Lerr=0.000 Rsrc=STOP Rconf=1.00 Rerr=0.000
---
data: L=372.000 R=337.000 OL=63 OR=57 HL=62 HR=57
---
data: Lsrc=STOP Lconf=1.00 Lerr=0.000 Rsrc=STOP Rconf=1.00 Rerr=0.000
---
data: L=372.000 R=337.000 OL=63 OR=57 HL=62 HR=57
data: Lsrc=STOP Lconf=1.00 Lerr=0.000 Rsrc=STOP Rconf=1.00 Rerr=0.000
---
---
data: Lsrc=STOP Lconf=1.00 Lerr=0.000 Rsrc=STOP Rconf=1.00 Rerr=0.000
---
data: L=372.000 R=337.000 OL=63 OR=57 HL=62 HR=57
---
data: Lsrc=STOP Lconf=1.00 Lerr=0.000 Rsrc=STOP Rconf=1.00 Rerr=0.000
---
data: L=372.000 R=337.000 OL=63 OR=57 HL=62 HR=57
---
data: Lsrc=STOP Lconf=1.00 Lerr=0.000 Rsrc=STOP Rconf=1.00 Rerr=0.000
---
data: L=372.000 R=337.000 OL=63 OR=57 HL=62 HR=57
---
data: T lin=0.000 ang=0.000 Lpwm=0 Rpwm=0 Lrpm=0 Rrpm=0 Ld=F Rd=F LmA=0.00 RmA=0.00
---
data: L=372.000 R=337.000 OL=63 OR=57 HL=62 HR=57
data: Lsrc=STOP Lconf=1.00 Lerr=0.000 Rsrc=STOP Rconf=1.00 Rerr=0.000
---
---
data: Lsrc=STOP Lconf=1.00 Lerr=0.000 Rsrc=STOP Rconf=1.00 Rerr=0.000
data: L=372.000 R=337.000 OL=63 OR=57 HL=62 HR=57
---
---
data: Lsrc=STOP Lconf=1.00 Lerr=0.000 Rsrc=STOP Rconf=1.00 Rerr=0.000
---
data: L=372.000 R=337.000 OL=63 OR=57 HL=62 HR=57
---
data: Lsrc=STOP Lconf=1.00 Lerr=0.000 Rsrc=STOP Rconf=1.00 Rerr=0.000
---
data: L=372.000 R=337.000 OL=63 OR=57 HL=62 HR=57
---
data: L=372.000 R=337.000 OL=63 OR=57 HL=62 HR=57
data: Lsrc=STOP Lconf=1.00 Lerr=0.000 Rsrc=STOP Rconf=1.00 Rerr=0.000
---
---
data: L=372.000 R=337.000 OL=63 OR=57 HL=62 HR=57
---
data: Lsrc=STOP Lconf=1.00 Lerr=0.000 Rsrc=STOP Rconf=1.00 Rerr=0.000
---
data: L=372.000 R=337.000 OL=63 OR=57 HL=62 HR=57
data: Lsrc=STOP Lconf=1.00 Lerr=0.000 Rsrc=STOP Rconf=1.00 Rerr=0.000
---
---
data: Lsrc=STOP Lconf=1.00 Lerr=0.000 Rsrc=STOP Rconf=1.00 Rerr=0.000
---
data: L=372.000 R=337.000 OL=63 OR=57 HL=62 HR=57
---
data: L=372.000 R=337.000 OL=63 OR=57 HL=62 HR=57
---
data: Lsrc=STOP Lconf=1.00 Lerr=0.000 Rsrc=STOP Rconf=1.00 Rerr=0.000
---
data: Lsrc=STOP Lconf=1.00 Lerr=0.000 Rsrc=STOP Rconf=1.00 Rerr=0.000
---
data: L=372.000 R=337.000 OL=63 OR=57 HL=62 HR=57
---
data: L=372.000 R=337.000 OL=63 OR=57 HL=62 HR=57
data: Lsrc=STOP Lconf=1.00 Lerr=0.000 Rsrc=STOP Rconf=1.00 Rerr=0.000
---
---
data: Lsrc=STOP Lconf=1.00 Lerr=0.000 Rsrc=STOP Rconf=1.00 Rerr=0.000
---
data: L=372.000 R=337.000 OL=63 OR=57 HL=62 HR=57
---
data: L=372.000 R=337.000 OL=63 OR=57 HL=62 HR=57
---
data: Lsrc=STOP Lconf=1.00 Lerr=0.000 Rsrc=STOP Rconf=1.00 Rerr=0.000
---
data: L=372.000 R=337.000 OL=63 OR=57 HL=62 HR=57
---
data: Lsrc=STOP Lconf=1.00 Lerr=0.000 Rsrc=STOP Rconf=1.00 Rerr=0.000
---
data: Lsrc=STOP Lconf=1.00 Lerr=0.000 Rsrc=STOP Rconf=1.00 Rerr=0.000
data: L=372.000 R=337.000 OL=63 OR=57 HL=62 HR=57
---
---
data: Lsrc=STOP Lconf=1.00 Lerr=0.000 Rsrc=STOP Rconf=1.00 Rerr=0.000
---
data: L=372.000 R=337.000 OL=63 OR=57 HL=62 HR=57
---
data: Lsrc=STOP Lconf=1.00 Lerr=0.000 Rsrc=STOP Rconf=1.00 Rerr=0.000
---
data: L=372.000 R=337.000 OL=63 OR=57 HL=62 HR=57
---
data: L=372.000 R=337.000 OL=63 OR=57 HL=62 HR=57
---
data: Lsrc=STOP Lconf=1.00 Lerr=0.000 Rsrc=STOP Rconf=1.00 Rerr=0.000
---
data: Lsrc=STOP Lconf=1.00 Lerr=0.000 Rsrc=STOP Rconf=1.00 Rerr=0.000
---
data: L=372.000 R=337.000 OL=63 OR=57 HL=62 HR=57
---
data: Lsrc=STOP Lconf=1.00 Lerr=0.000 Rsrc=STOP Rconf=1.00 Rerr=0.000
---
data: L=372.000 R=337.000 OL=63 OR=57 HL=62 HR=57
---
data: L=372.000 R=337.000 OL=63 OR=57 HL=62 HR=57
data: Lsrc=STOP Lconf=1.00 Lerr=0.000 Rsrc=STOP Rconf=1.00 Rerr=0.000
---
---
data: L=372.000 R=337.000 OL=63 OR=57 HL=62 HR=57
data: Lsrc=STOP Lconf=1.00 Lerr=0.000 Rsrc=STOP Rconf=1.00 Rerr=0.000
---
---
data: L=372.000 R=337.000 OL=63 OR=57 HL=62 HR=57
---
data: Lsrc=STOP Lconf=1.00 Lerr=0.000 Rsrc=STOP Rconf=1.00 Rerr=0.000
---
data: Lsrc=STOP Lconf=1.00 Lerr=0.000 Rsrc=STOP Rconf=1.00 Rerr=0.000
---
data: L=372.000 R=337.000 OL=63 OR=57 HL=62 HR=57
---
data: Lsrc=STOP Lconf=1.00 Lerr=0.000 Rsrc=STOP Rconf=1.00 Rerr=0.000
---
data: L=372.000 R=337.000 OL=63 OR=57 HL=62 HR=57
---
data: Lsrc=STOP Lconf=1.00 Lerr=0.000 Rsrc=STOP Rconf=1.00 Rerr=0.000
---
data: L=372.000 R=337.000 OL=63 OR=57 HL=62 HR=57
---
data: Lsrc=STOP Lconf=1.00 Lerr=0.000 Rsrc=STOP Rconf=1.00 Rerr=0.000
---
data: L=372.000 R=337.000 OL=63 OR=57 HL=62 HR=57
---
data: Lsrc=STOP Lconf=1.00 Lerr=0.000 Rsrc=STOP Rconf=1.00 Rerr=0.000
---
data: L=372.000 R=337.000 OL=63 OR=57 HL=62 HR=57
---
data: L=372.000 R=337.000 OL=63 OR=57 HL=62 HR=57
data: Lsrc=STOP Lconf=1.00 Lerr=0.000 Rsrc=STOP Rconf=1.00 Rerr=0.000
---
---
data: Lsrc=STOP Lconf=1.00 Lerr=0.000 Rsrc=STOP Rconf=1.00 Rerr=0.000
---
data: L=372.000 R=337.000 OL=63 OR=57 HL=62 HR=57
---
data: Lsrc=STOP Lconf=1.00 Lerr=0.000 Rsrc=STOP Rconf=1.00 Rerr=0.000
---
data: L=372.000 R=337.000 OL=63 OR=57 HL=62 HR=57
---
data: L=372.000 R=337.000 OL=63 OR=57 HL=62 HR=57
data: Lsrc=STOP Lconf=1.00 Lerr=0.000 Rsrc=STOP Rconf=1.00 Rerr=0.000
---
---
data: Lsrc=STOP Lconf=1.00 Lerr=0.000 Rsrc=STOP Rconf=1.00 Rerr=0.000
---
data: L=372.000 R=337.000 OL=63 OR=57 HL=62 HR=57
---
data: L=372.000 R=337.000 OL=63 OR=57 HL=62 HR=57
data: Lsrc=STOP Lconf=1.00 Lerr=0.000 Rsrc=STOP Rconf=1.00 Rerr=0.000
---
---
data: Lsrc=STOP Lconf=1.00 Lerr=0.000 Rsrc=STOP Rconf=1.00 Rerr=0.000
---
data: L=372.000 R=337.000 OL=63 OR=57 HL=62 HR=57
---
data: L=372.000 R=337.000 OL=63 OR=57 HL=62 HR=57
---
data: Lsrc=STOP Lconf=1.00 Lerr=0.000 Rsrc=STOP Rconf=1.00 Rerr=0.000
---
data: L=372.000 R=337.000 OL=63 OR=57 HL=62 HR=57
---
data: Lsrc=STOP Lconf=1.00 Lerr=0.000 Rsrc=STOP Rconf=1.00 Rerr=0.000
---
data: Lsrc=STOP Lconf=1.00 Lerr=0.000 Rsrc=STOP Rconf=1.00 Rerr=0.000
---
data: L=372.000 R=337.000 OL=63 OR=57 HL=62 HR=57
---
data: Lsrc=STOP Lconf=1.00 Lerr=0.000 Rsrc=STOP Rconf=1.00 Rerr=0.000
---
data: L=372.000 R=337.000 OL=63 OR=57 HL=62 HR=57
---
data: Lsrc=STOP Lconf=1.00 Lerr=0.000 Rsrc=STOP Rconf=1.00 Rerr=0.000
---
data: L=372.000 R=337.000 OL=63 OR=57 HL=62 HR=57
---
data: L=372.000 R=337.000 OL=63 OR=57 HL=62 HR=57
data: Lsrc=STOP Lconf=1.00 Lerr=0.000 Rsrc=STOP Rconf=1.00 Rerr=0.000
---
---
data: Lsrc=STOP Lconf=1.00 Lerr=0.000 Rsrc=STOP Rconf=1.00 Rerr=0.000
---
data: L=372.000 R=337.000 OL=63 OR=57 HL=62 HR=57
---
data: L=372.000 R=337.000 OL=63 OR=57 HL=62 HR=57
---
data: Lsrc=STOP Lconf=1.00 Lerr=0.000 Rsrc=STOP Rconf=1.00 Rerr=0.000
---
data: Lsrc=STOP Lconf=1.00 Lerr=0.000 Rsrc=STOP Rconf=1.00 Rerr=0.000
---
data: L=372.000 R=337.000 OL=63 OR=57 HL=62 HR=57
---
data: Lsrc=STOP Lconf=1.00 Lerr=0.000 Rsrc=STOP Rconf=1.00 Rerr=0.000
---
data: L=372.000 R=337.000 OL=63 OR=57 HL=62 HR=57
---
data: Lsrc=STOP Lconf=1.00 Lerr=0.000 Rsrc=STOP Rconf=1.00 Rerr=0.000
data: L=372.000 R=337.000 OL=63 OR=57 HL=62 HR=57
---
---
data: L=372.000 R=337.000 OL=63 OR=57 HL=62 HR=57
---
data: Lsrc=STOP Lconf=1.00 Lerr=0.000 Rsrc=STOP Rconf=1.00 Rerr=0.000
---
data: Lsrc=STOP Lconf=1.00 Lerr=0.000 Rsrc=STOP Rconf=1.00 Rerr=0.000
---
data: L=372.000 R=337.000 OL=63 OR=57 HL=62 HR=57
---
data: L=372.000 R=337.000 OL=63 OR=57 HL=62 HR=57
---
data: Lsrc=STOP Lconf=1.00 Lerr=0.000 Rsrc=STOP Rconf=1.00 Rerr=0.000
---
data: Lsrc=STOP Lconf=1.00 Lerr=0.000 Rsrc=STOP Rconf=1.00 Rerr=0.000
---
data: L=372.000 R=337.000 OL=63 OR=57 HL=62 HR=57
---
data: L=372.000 R=337.000 OL=63 OR=57 HL=62 HR=57
data: Lsrc=STOP Lconf=1.00 Lerr=0.000 Rsrc=STOP Rconf=1.00 Rerr=0.000
---
---
data: L=372.000 R=337.000 OL=63 OR=57 HL=62 HR=57
---
data: Lsrc=STOP Lconf=1.00 Lerr=0.000 Rsrc=STOP Rconf=1.00 Rerr=0.000
---
data: L=372.000 R=337.000 OL=63 OR=57 HL=62 HR=57
---
data: Lsrc=STOP Lconf=1.00 Lerr=0.000 Rsrc=STOP Rconf=1.00 Rerr=0.000
---
data: Lsrc=STOP Lconf=1.00 Lerr=0.000 Rsrc=STOP Rconf=1.00 Rerr=0.000
---
data: L=372.000 R=337.000 OL=63 OR=57 HL=62 HR=57
---
data: L=372.000 R=337.000 OL=63 OR=57 HL=62 HR=57
---
data: Lsrc=STOP Lconf=1.00 Lerr=0.000 Rsrc=STOP Rconf=1.00 Rerr=0.000
---
data: L=372.000 R=337.000 OL=63 OR=57 HL=62 HR=57
data: Lsrc=STOP Lconf=1.00 Lerr=0.000 Rsrc=STOP Rconf=1.00 Rerr=0.000
---
---
data: L=372.000 R=337.000 OL=63 OR=57 HL=62 HR=57
data: Lsrc=STOP Lconf=1.00 Lerr=0.000 Rsrc=STOP Rconf=1.00 Rerr=0.000
---
---
data: Lsrc=STOP Lconf=1.00 Lerr=0.000 Rsrc=STOP Rconf=1.00 Rerr=0.000
data: L=372.000 R=337.000 OL=63 OR=57 HL=62 HR=57
---
---
data: Lsrc=STOP Lconf=1.00 Lerr=0.000 Rsrc=STOP Rconf=1.00 Rerr=0.000
---
data: L=372.000 R=337.000 OL=63 OR=57 HL=62 HR=57
---
data: L=372.000 R=337.000 OL=63 OR=57 HL=62 HR=57
---
data: Lsrc=STOP Lconf=1.00 Lerr=0.000 Rsrc=STOP Rconf=1.00 Rerr=0.000
---
data: L=372.000 R=337.000 OL=63 OR=57 HL=62 HR=57
---
data: Lsrc=STOP Lconf=1.00 Lerr=0.000 Rsrc=STOP Rconf=1.00 Rerr=0.000
---
data: L=372.000 R=337.000 OL=63 OR=57 HL=62 HR=57
data: Lsrc=STOP Lconf=1.00 Lerr=0.000 Rsrc=STOP Rconf=1.00 Rerr=0.000
---
---
data: L=372.000 R=337.000 OL=63 OR=57 HL=62 HR=57
---
data: Lsrc=STOP Lconf=1.00 Lerr=0.000 Rsrc=STOP Rconf=1.00 Rerr=0.000
---
data: L=372.000 R=337.000 OL=63 OR=57 HL=62 HR=57
data: Lsrc=STOP Lconf=1.00 Lerr=0.000 Rsrc=STOP Rconf=1.00 Rerr=0.000
---
---
data: L=372.000 R=337.000 OL=63 OR=57 HL=62 HR=57
---
data: Lsrc=STOP Lconf=1.00 Lerr=0.000 Rsrc=STOP Rconf=1.00 Rerr=0.000
---
data: Lsrc=STOP Lconf=1.00 Lerr=0.000 Rsrc=STOP Rconf=1.00 Rerr=0.000
---
data: L=372.000 R=337.000 OL=63 OR=57 HL=62 HR=57
---
data: L=372.000 R=337.000 OL=63 OR=57 HL=62 HR=57
---
data: Lsrc=STOP Lconf=1.00 Lerr=0.000 Rsrc=STOP Rconf=1.00 Rerr=0.000
---
data: Lsrc=STOP Lconf=1.00 Lerr=0.000 Rsrc=STOP Rconf=1.00 Rerr=0.000
data: L=372.000 R=337.000 OL=63 OR=57 HL=62 HR=57
---
---
data: Lsrc=STOP Lconf=1.00 Lerr=0.000 Rsrc=STOP Rconf=1.00 Rerr=0.000
---
data: L=372.000 R=337.000 OL=63 OR=57 HL=62 HR=57
---
data: Lsrc=STOP Lconf=1.00 Lerr=0.000 Rsrc=STOP Rconf=1.00 Rerr=0.000
---
data: L=372.000 R=337.000 OL=63 OR=57 HL=62 HR=57
---
data: L=372.000 R=337.000 OL=63 OR=57 HL=62 HR=57
data: Lsrc=STOP Lconf=1.00 Lerr=0.000 Rsrc=STOP Rconf=1.00 Rerr=0.000
---
---
data: Lsrc=STOP Lconf=1.00 Lerr=0.000 Rsrc=STOP Rconf=1.00 Rerr=0.000
---
data: L=372.000 R=337.000 OL=63 OR=57 HL=62 HR=57
---
data: L=372.000 R=337.000 OL=63 OR=57 HL=62 HR=57
---
data: Lsrc=STOP Lconf=1.00 Lerr=0.000 Rsrc=STOP Rconf=1.00 Rerr=0.000
---
data: Lsrc=STOP Lconf=1.00 Lerr=0.000 Rsrc=STOP Rconf=1.00 Rerr=0.000
data: L=372.000 R=337.000 OL=63 OR=57 HL=62 HR=57
---
---
data: Lsrc=STOP Lconf=1.00 Lerr=0.000 Rsrc=STOP Rconf=1.00 Rerr=0.000
---
data: L=372.000 R=337.000 OL=63 OR=57 HL=62 HR=57
---
